Archive member included to satisfy reference by file (symbol)

../Middlewares/ST/AI/Lib\NetworkRuntime710_CM4_GCC.a(ai_platform.o)
                              ./X-CUBE-AI/App/network_har.o (ai_buffer_array_item_set_address)
../Middlewares/ST/AI/Lib\NetworkRuntime710_CM4_GCC.a(ai_platform_interface.o)
                              ./X-CUBE-AI/App/network_har.o (ai_platform_get_weights_map)
../Middlewares/ST/AI/Lib\NetworkRuntime710_CM4_GCC.a(core_mem_manager.o)
                              ../Middlewares/ST/AI/Lib\NetworkRuntime710_CM4_GCC.a(ai_platform_interface.o) (core_mem_alloc)
../Middlewares/ST/AI/Lib\NetworkRuntime710_CM4_GCC.a(core_common.o)
                              ../Middlewares/ST/AI/Lib\NetworkRuntime710_CM4_GCC.a(ai_platform_interface.o) (core_init)
../Middlewares/ST/AI/Lib\NetworkRuntime710_CM4_GCC.a(layers_conv2d_generic_float.o)
                              ./X-CUBE-AI/App/network_har.o (forward_conv2d_nl_pool)
../Middlewares/ST/AI/Lib\NetworkRuntime710_CM4_GCC.a(layers_pool_generic_float.o)
                              ./X-CUBE-AI/App/network_har.o (pool_func_mp_array_f32)
../Middlewares/ST/AI/Lib\NetworkRuntime710_CM4_GCC.a(layers_nl_generic_float.o)
                              ./X-CUBE-AI/App/network_har.o (nl_func_relu_array_f32)
../Middlewares/ST/AI/Lib\NetworkRuntime710_CM4_GCC.a(layers.o)
                              ../Middlewares/ST/AI/Lib\NetworkRuntime710_CM4_GCC.a(ai_platform_interface.o) (ai_check_custom_types)
../Middlewares/ST/AI/Lib\NetworkRuntime710_CM4_GCC.a(arm_mat_init_f32.o)
                              ../Middlewares/ST/AI/Lib\NetworkRuntime710_CM4_GCC.a(layers_conv2d_generic_float.o) (st_dsp_arm_mat_init_f32)
../Middlewares/ST/AI/Lib\NetworkRuntime710_CM4_GCC.a(ai_datatypes_internal.o)
                              ../Middlewares/ST/AI/Lib\NetworkRuntime710_CM4_GCC.a(ai_platform_interface.o) (ai_version_get)
../Middlewares/ST/AI/Lib\NetworkRuntime710_CM4_GCC.a(ai_datatypes_format.o)
                              ../Middlewares/ST/AI/Lib\NetworkRuntime710_CM4_GCC.a(ai_platform_interface.o) (ai_array_to_buffer_fmt)
../Middlewares/ST/AI/Lib\NetworkRuntime710_CM4_GCC.a(ai_math_helpers.o)
                              ../Middlewares/ST/AI/Lib\NetworkRuntime710_CM4_GCC.a(layers_nl_generic_float.o) (ai_math_sqrt)
../Middlewares/ST/AI/Lib\NetworkRuntime710_CM4_GCC.a(st_convolve_reference.o)
                              ../Middlewares/ST/AI/Lib\NetworkRuntime710_CM4_GCC.a(ai_math_helpers.o) (align_factor)
e:/stm32cubeide_1.8.0/stm32cubeide/plugins/com.st.stm32cube.ide.mcu.externaltools.gnu-tools-for-stm32.10.3-2021.10.win32_1.0.0.202111181127/tools/bin/../lib/gcc/arm-none-eabi/10.3.1/../../../../arm-none-eabi/lib/thumb/v7e-m+fp/hard\libc_nano.a(lib_a-errno.o)
                              ./Core/Src/sysmem.o (__errno)
e:/stm32cubeide_1.8.0/stm32cubeide/plugins/com.st.stm32cube.ide.mcu.externaltools.gnu-tools-for-stm32.10.3-2021.10.win32_1.0.0.202111181127/tools/bin/../lib/gcc/arm-none-eabi/10.3.1/../../../../arm-none-eabi/lib/thumb/v7e-m+fp/hard\libc_nano.a(lib_a-exit.o)
                              e:/stm32cubeide_1.8.0/stm32cubeide/plugins/com.st.stm32cube.ide.mcu.externaltools.gnu-tools-for-stm32.10.3-2021.10.win32_1.0.0.202111181127/tools/bin/../lib/gcc/arm-none-eabi/10.3.1/../../../../arm-none-eabi/lib/thumb/v7e-m+fp/hard/crt0.o (exit)
e:/stm32cubeide_1.8.0/stm32cubeide/plugins/com.st.stm32cube.ide.mcu.externaltools.gnu-tools-for-stm32.10.3-2021.10.win32_1.0.0.202111181127/tools/bin/../lib/gcc/arm-none-eabi/10.3.1/../../../../arm-none-eabi/lib/thumb/v7e-m+fp/hard\libc_nano.a(lib_a-impure.o)
                              e:/stm32cubeide_1.8.0/stm32cubeide/plugins/com.st.stm32cube.ide.mcu.externaltools.gnu-tools-for-stm32.10.3-2021.10.win32_1.0.0.202111181127/tools/bin/../lib/gcc/arm-none-eabi/10.3.1/../../../../arm-none-eabi/lib/thumb/v7e-m+fp/hard\libc_nano.a(lib_a-exit.o) (_global_impure_ptr)
e:/stm32cubeide_1.8.0/stm32cubeide/plugins/com.st.stm32cube.ide.mcu.externaltools.gnu-tools-for-stm32.10.3-2021.10.win32_1.0.0.202111181127/tools/bin/../lib/gcc/arm-none-eabi/10.3.1/../../../../arm-none-eabi/lib/thumb/v7e-m+fp/hard\libc_nano.a(lib_a-init.o)
                              e:/stm32cubeide_1.8.0/stm32cubeide/plugins/com.st.stm32cube.ide.mcu.externaltools.gnu-tools-for-stm32.10.3-2021.10.win32_1.0.0.202111181127/tools/bin/../lib/gcc/arm-none-eabi/10.3.1/../../../../arm-none-eabi/lib/thumb/v7e-m+fp/hard/crt0.o (__libc_init_array)
e:/stm32cubeide_1.8.0/stm32cubeide/plugins/com.st.stm32cube.ide.mcu.externaltools.gnu-tools-for-stm32.10.3-2021.10.win32_1.0.0.202111181127/tools/bin/../lib/gcc/arm-none-eabi/10.3.1/../../../../arm-none-eabi/lib/thumb/v7e-m+fp/hard\libc_nano.a(lib_a-malloc.o)
                              ../Middlewares/ST/AI/Lib\NetworkRuntime710_CM4_GCC.a(core_mem_manager.o) (malloc)
[...]
Memory Configuration

Name             Origin             Length             Attributes
RAM              0x0000000020000000 0x0000000000010000 xrw
FLASH            0x0000000008000000 0x0000000000040000 xr
*default*        0x0000000000000000 0xffffffffffffffff

Linker script and memory map

LOAD e:/stm32cubeide_1.8.0/stm32cubeide/plugins/com.st.stm32cube.ide.mcu.externaltools.gnu-tools-for-stm32.10.3-2021.10.win32_1.0.0.202111181127/tools/bin/../lib/gcc/arm-none-eabi/10.3.1/thumb/v7e-m+fp/hard/crti.o
LOAD e:/stm32cubeide_1.8.0/stm32cubeide/plugins/com.st.stm32cube.ide.mcu.externaltools.gnu-tools-for-stm32.10.3-2021.10.win32_1.0.0.202111181127/tools/bin/../lib/gcc/arm-none-eabi/10.3.1/thumb/v7e-m+fp/hard/crtbegin.o
LOAD e:/stm32cubeide_1.8.0/stm32cubeide/plugins/com.st.stm32cube.ide.mcu.externaltools.gnu-tools-for-stm32.10.3-2021.10.win32_1.0.0.202111181127/tools/bin/../lib/gcc/arm-none-eabi/10.3.1/../../../../arm-none-eabi/lib/thumb/v7e-m+fp/hard/crt0.o
LOAD ./Core/Src/crc.o
LOAD ./Core/Src/gpio.o
LOAD ./Core/Src/i2c.o
LOAD ./Core/Src/lsm303dlhc.o
LOAD ./Core/Src/main.o
LOAD ./Core/Src/stm32f4xx_hal_msp.o
LOAD ./Core/Src/stm32f4xx_it.o
LOAD ./Core/Src/sysmem.o
LOAD ./Core/Src/system_stm32f4xx.o
LOAD ./Core/Src/tim.o
LOAD ./Core/Src/usart.o
LOAD ./Core/Startup/startup_stm32f401vctx.o
LOAD ./Drivers/STM32F4xx_HAL_Driver/Src/stm32f4xx_hal.o
LOAD ./Drivers/STM32F4xx_HAL_Driver/Src/stm32f4xx_hal_cortex.o
LOAD ./Drivers/STM32F4xx_HAL_Driver/Src/stm32f4xx_hal_crc.o
LOAD ./Drivers/STM32F4xx_HAL_Driver/Src/stm32f4xx_hal_dma.o
LOAD ./Drivers/STM32F4xx_HAL_Driver/Src/stm32f4xx_hal_dma_ex.o
LOAD ./Drivers/STM32F4xx_HAL_Driver/Src/stm32f4xx_hal_exti.o
LOAD ./Drivers/STM32F4xx_HAL_Driver/Src/stm32f4xx_hal_flash.o
LOAD ./Drivers/STM32F4xx_HAL_Driver/Src/stm32f4xx_hal_flash_ex.o
LOAD ./Drivers/STM32F4xx_HAL_Driver/Src/stm32f4xx_hal_flash_ramfunc.o
LOAD ./Drivers/STM32F4xx_HAL_Driver/Src/stm32f4xx_hal_gpio.o
LOAD ./Drivers/STM32F4xx_HAL_Driver/Src/stm32f4xx_hal_i2c.o
LOAD ./Drivers/STM32F4xx_HAL_Driver/Src/stm32f4xx_hal_i2c_ex.o
LOAD ./Drivers/STM32F4xx_HAL_Driver/Src/stm32f4xx_hal_pwr.o
LOAD ./Drivers/STM32F4xx_HAL_Driver/Src/stm32f4xx_hal_pwr_ex.o
LOAD ./Drivers/STM32F4xx_HAL_Driver/Src/stm32f4xx_hal_rcc.o
LOAD ./Drivers/STM32F4xx_HAL_Driver/Src/stm32f4xx_hal_rcc_ex.o
LOAD ./Drivers/STM32F4xx_HAL_Driver/Src/stm32f4xx_hal_tim.o
LOAD ./Drivers/STM32F4xx_HAL_Driver/Src/stm32f4xx_hal_tim_ex.o
LOAD ./Drivers/STM32F4xx_HAL_Driver/Src/stm32f4xx_hal_uart.o
LOAD ./X-CUBE-AI/App/app_x-cube-ai.o
LOAD ./X-CUBE-AI/App/network_har.o
LOAD ./X-CUBE-AI/App/network_har_data.o
LOAD ../Middlewares/ST/AI/Lib\NetworkRuntime710_CM4_GCC.a
START GROUP
LOAD e:/stm32cubeide_1.8.0/stm32cubeide/plugins/com.st.stm32cube.ide.mcu.externaltools.gnu-tools-for-stm32.10.3-2021.10.win32_1.0.0.202111181127/tools/bin/../lib/gcc/arm-none-eabi/10.3.1/../../../../arm-none-eabi/lib/thumb/v7e-m+fp/hard\libc_nano.a
LOAD e:/stm32cubeide_1.8.0/stm32cubeide/plugins/com.st.stm32cube.ide.mcu.externaltools.gnu-tools-for-stm32.10.3-2021.10.win32_1.0.0.202111181127/tools/bin/../lib/gcc/arm-none-eabi/10.3.1/../../../../arm-none-eabi/lib/thumb/v7e-m+fp/hard\libm.a
END GROUP
START GROUP
LOAD e:/stm32cubeide_1.8.0/stm32cubeide/plugins/com.st.stm32cube.ide.mcu.externaltools.gnu-tools-for-stm32.10.3-2021.10.win32_1.0.0.202111181127/tools/bin/../lib/gcc/arm-none-eabi/10.3.1/thumb/v7e-m+fp/hard\libgcc.a
LOAD e:/stm32cubeide_1.8.0/stm32cubeide/plugins/com.st.stm32cube.ide.mcu.externaltools.gnu-tools-for-stm32.10.3-2021.10.win32_1.0.0.202111181127/tools/bin/../lib/gcc/arm-none-eabi/10.3.1/../../../../arm-none-eabi/lib/thumb/v7e-m+fp/hard\libc_nano.a
END GROUP
START GROUP
LOAD e:/stm32cubeide_1.8.0/stm32cubeide/plugins/com.st.stm32cube.ide.mcu.externaltools.gnu-tools-for-stm32.10.3-2021.10.win32_1.0.0.202111181127/tools/bin/../lib/gcc/arm-none-eabi/10.3.1/thumb/v7e-m+fp/hard\libgcc.a
LOAD e:/stm32cubeide_1.8.0/stm32cubeide/plugins/com.st.stm32cube.ide.mcu.externaltools.gnu-tools-for-stm32.10.3-2021.10.win32_1.0.0.202111181127/tools/bin/../lib/gcc/arm-none-eabi/10.3.1/../../../../arm-none-eabi/lib/thumb/v7e-m+fp/hard\libc_nano.a
LOAD e:/stm32cubeide_1.8.0/stm32cubeide/plugins/com.st.stm32cube.ide.mcu.externaltools.gnu-tools-for-stm32.10.3-2021.10.win32_1.0.0.202111181127/tools/bin/../lib/gcc/arm-none-eabi/10.3.1/../../../../arm-none-eabi/lib/thumb/v7e-m+fp/hard\libnosys.a
END GROUP
START GROUP
LOAD e:/stm32cubeide_1.8.0/stm32cubeide/plugins/com.st.stm32cube.ide.mcu.externaltools.gnu-tools-for-stm32.10.3-2021.10.win32_1.0.0.202111181127/tools/bin/../lib/gcc/arm-none-eabi/10.3.1/thumb/v7e-m+fp/hard\libgcc.a
LOAD e:/stm32cubeide_1.8.0/stm32cubeide/plugins/com.st.stm32cube.ide.mcu.externaltools.gnu-tools-for-stm32.10.3-2021.10.win32_1.0.0.202111181127/tools/bin/../lib/gcc/arm-none-eabi/10.3.1/../../../../arm-none-eabi/lib/thumb/v7e-m+fp/hard\libc_nano.a
LOAD e:/stm32cubeide_1.8.0/stm32cubeide/plugins/com.st.stm32cube.ide.mcu.externaltools.gnu-tools-for-stm32.10.3-2021.10.win32_1.0.0.202111181127/tools/bin/../lib/gcc/arm-none-eabi/10.3.1/../../../../arm-none-eabi/lib/thumb/v7e-m+fp/hard\libnosys.a
END GROUP
LOAD e:/stm32cubeide_1.8.0/stm32cubeide/plugins/com.st.stm32cube.ide.mcu.externaltools.gnu-tools-for-stm32.10.3-2021.10.win32_1.0.0.202111181127/tools/bin/../lib/gcc/arm-none-eabi/10.3.1/thumb/v7e-m+fp/hard/crtend.o
LOAD e:/stm32cubeide_1.8.0/stm32cubeide/plugins/com.st.stm32cube.ide.mcu.externaltools.gnu-tools-for-stm32.10.3-2021.10.win32_1.0.0.202111181127/tools/bin/../lib/gcc/arm-none-eabi/10.3.1/thumb/v7e-m+fp/hard/crtn.o
                0x0000000020010000                _estack = (ORIGIN (RAM) + LENGTH (RAM))
                0x0000000000000800                _Min_Heap_Size = 0x800
                0x0000000000000800                _Min_Stack_Size = 0x800

.isr_vector     0x0000000008000000      0x194
                0x0000000008000000                . = ALIGN (0x4)
 *(.isr_vector)
 .isr_vector    0x0000000008000000      0x194 ./Core/Startup/startup_stm32f401vctx.o
                0x0000000008000000                g_pfnVectors
                0x0000000008000194                . = ALIGN (0x4)

.text           0x00000000080001a0     0x9608
                0x00000000080001a0                . = ALIGN (0x4)
 *(.text)
 .text          0x00000000080001a0       0x40 e:/stm32cubeide_1.8.0/stm32cubeide/plugins/com.st.stm32cube.ide.mcu.externaltools.gnu-tools-for-stm32.10.3-2021.10.win32_1.0.0.202111181127/tools/bin/../lib/gcc/arm-none-eabi/10.3.1/thumb/v7e-m+fp/hard/crtbegin.o
 .text          0x00000000080001e0       0x10 e:/stm32cubeide_1.8.0/stm32cubeide/plugins/com.st.stm32cube.ide.mcu.externaltools.gnu-tools-for-stm32.10.3-2021.10.win32_1.0.0.202111181127/tools/bin/../lib/gcc/arm-none-eabi/10.3.1/../../../../arm-none-eabi/lib/thumb/v7e-m+fp/hard\libc_nano.a(lib_a-strlen.o)
                0x00000000080001e0                strlen
 .text          0x00000000080001f0       0xa0 e:/stm32cubeide_1.8.0/stm32cubeide/plugins/com.st.stm32cube.ide.mcu.externaltools.gnu-tools-for-stm32.10.3-2021.10.win32_1.0.0.202111181127/tools/bin/../lib/gcc/arm-none-eabi/10.3.1/../../../../arm-none-eabi/lib/thumb/v7e-m+fp/hard\libc_nano.a(lib_a-memchr.o)
                0x00000000080001f0                memchr
 .text          0x0000000008000290      0x378 e:/stm32cubeide_1.8.0/stm32cubeide/plugins/com.st.stm32cube.ide.mcu.externaltools.gnu-tools-for-stm32.10.3-2021.10.win32_1.0.0.202111181127/tools/bin/../lib/gcc/arm-none-eabi/10.3.1/thumb/v7e-m+fp/hard\libgcc.a(_arm_addsubdf3.o)
                0x0000000008000290                __aeabi_drsub
                0x0000000008000298                __aeabi_dsub
                0x0000000008000298                __subdf3
                0x000000000800029c                __aeabi_dadd
                0x000000000800029c                __adddf3
                0x0000000008000514                __floatunsidf
                0x0000000008000514                __aeabi_ui2d
                0x0000000008000534                __floatsidf
                0x0000000008000534                __aeabi_i2d
                0x0000000008000558                __aeabi_f2d
                0x0000000008000558                __extendsfdf2
                0x000000000800059c                __floatundidf
                0x000000000800059c                __aeabi_ul2d
                0x00000000080005ac                __floatdidf
                0x00000000080005ac                __aeabi_l2d
 .text          0x0000000008000608      0x424 e:/stm32cubeide_1.8.0/stm32cubeide/plugins/com.st.stm32cube.ide.mcu.externaltools.gnu-tools-for-stm32.10.3-2021.10.win32_1.0.0.202111181127/tools/bin/../lib/gcc/arm-none-eabi/10.3.1/thumb/v7e-m+fp/hard\libgcc.a(_arm_muldivdf3.o)
                0x0000000008000608                __aeabi_dmul
                0x0000000008000608                __muldf3
                0x000000000800085c                __divdf3
                0x000000000800085c                __aeabi_ddiv
 .text          0x0000000008000a2c      0x110 e:/stm32cubeide_1.8.0/stm32cubeide/plugins/com.st.stm32cube.ide.mcu.externaltools.gnu-tools-for-stm32.10.3-2021.10.win32_1.0.0.202111181127/tools/bin/../lib/gcc/arm-none-eabi/10.3.1/thumb/v7e-m+fp/hard\libgcc.a(_arm_cmpdf2.o)
                0x0000000008000a2c                __gtdf2
                0x0000000008000a2c                __gedf2
                0x0000000008000a34                __ltdf2
                0x0000000008000a34                __ledf2
                0x0000000008000a3c                __nedf2
                0x0000000008000a3c                __eqdf2
                0x0000000008000a3c                __cmpdf2
                0x0000000008000ab8                __aeabi_cdrcmple
                0x0000000008000ac8                __aeabi_cdcmpeq
                0x0000000008000ac8                __aeabi_cdcmple
                0x0000000008000ad8                __aeabi_dcmpeq
                0x0000000008000aec                __aeabi_dcmplt
                0x0000000008000b00                __aeabi_dcmple
                0x0000000008000b14                __aeabi_dcmpge
                0x0000000008000b28                __aeabi_dcmpgt
 .text          0x0000000008000b3c       0x2c e:/stm32cubeide_1.8.0/stm32cubeide/plugins/com.st.stm32cube.ide.mcu.externaltools.gnu-tools-for-stm32.10.3-2021.10.win32_1.0.0.202111181127/tools/bin/../lib/gcc/arm-none-eabi/10.3.1/thumb/v7e-m+fp/hard\libgcc.a(_arm_unorddf2.o)
                0x0000000008000b3c                __unorddf2
                0x0000000008000b3c                __aeabi_dcmpun
 .text          0x0000000008000b68       0x50 e:/stm32cubeide_1.8.0/stm32cubeide/plugins/com.st.stm32cube.ide.mcu.externaltools.gnu-tools-for-stm32.10.3-2021.10.win32_1.0.0.202111181127/tools/bin/../lib/gcc/arm-none-eabi/10.3.1/thumb/v7e-m+fp/hard\libgcc.a(_arm_fixdfsi.o)
                0x0000000008000b68                __aeabi_d2iz
                0x0000000008000b68                __fixdfsi
 .text          0x0000000008000bb8       0x30 e:/stm32cubeide_1.8.0/stm32cubeide/plugins/com.st.stm32cube.ide.mcu.externaltools.gnu-tools-for-stm32.10.3-2021.10.win32_1.0.0.202111181127/tools/bin/../lib/gcc/arm-none-eabi/10.3.1/thumb/v7e-m+fp/hard\libgcc.a(_aeabi_uldivmod.o)
                0x0000000008000bb8                __aeabi_uldivmod
 .text          0x0000000008000be8      0x2d0 e:/stm32cubeide_1.8.0/stm32cubeide/plugins/com.st.stm32cube.ide.mcu.externaltools.gnu-tools-for-stm32.10.3-2021.10.win32_1.0.0.202111181127/tools/bin/../lib/gcc/arm-none-eabi/10.3.1/thumb/v7e-m+fp/hard\libgcc.a(_udivmoddi4.o)
                0x0000000008000be8                __udivmoddi4
 .text          0x0000000008000eb8        0x4 e:/stm32cubeide_1.8.0/stm32cubeide/plugins/com.st.stm32cube.ide.mcu.externaltools.gnu-tools-for-stm32.10.3-2021.10.win32_1.0.0.202111181127/tools/bin/../lib/gcc/arm-none-eabi/10.3.1/thumb/v7e-m+fp/hard\libgcc.a(_dvmd_tls.o)
                0x0000000008000eb8                __aeabi_idiv0
                0x0000000008000eb8                __aeabi_ldiv0
 *(.text*)
 .text.MX_CRC_Init
                0x0000000008000ebc       0x20 ./Core/Src/crc.o
                0x0000000008000ebc                MX_CRC_Init
 .text.HAL_CRC_MspInit
                0x0000000008000edc       0x30 ./Core/Src/crc.o
                0x0000000008000edc                HAL_CRC_MspInit
 .text.MX_GPIO_Init
                0x0000000008000f0c       0xa8 ./Core/Src/gpio.o
                0x0000000008000f0c                MX_GPIO_Init
 .text.MX_I2C1_Init
                0x0000000008000fb4       0x3c ./Core/Src/i2c.o
                0x0000000008000fb4                MX_I2C1_Init
 .text.HAL_I2C_MspInit
                0x0000000008000ff0       0x70 ./Core/Src/i2c.o
                0x0000000008000ff0                HAL_I2C_MspInit
 .text.COMPASSACCELERO_IO_Write
                0x0000000008001060       0x28 ./Core/Src/lsm303dlhc.o
                0x0000000008001060                COMPASSACCELERO_IO_Write
 .text.COMPASSACCELERO_IO_ReadLen
                0x0000000008001088       0x20 ./Core/Src/lsm303dlhc.o
                0x0000000008001088                COMPASSACCELERO_IO_ReadLen
 .text.LSM303DLHC_AccInit
                0x00000000080010a8       0x1a ./Core/Src/lsm303dlhc.o
                0x00000000080010a8                LSM303DLHC_AccInit
 *fill*         0x00000000080010c2        0x2 
 .text.LSM303DLHC_AccReadXYZ
                0x00000000080010c4      0x114 ./Core/Src/lsm303dlhc.o
                0x00000000080010c4                LSM303DLHC_AccReadXYZ
 .text.LSM303DLHC_Init
                0x00000000080011d8        0x4 ./Core/Src/lsm303dlhc.o
                0x00000000080011d8                LSM303DLHC_Init
 .text.SystemClock_Config
                0x00000000080011dc       0xa4 ./Core/Src/main.o
                0x00000000080011dc                SystemClock_Config
 .text.startup.main
                0x0000000008001280       0x38 ./Core/Src/main.o
                0x0000000008001280                main
 .text.Error_Handler
                0x00000000080012b8        0x4 ./Core/Src/main.o
                0x00000000080012b8                Error_Handler
 .text.HAL_MspInit
                0x00000000080012bc       0x38 ./Core/Src/stm32f4xx_hal_msp.o
                0x00000000080012bc                HAL_MspInit
 .text.NMI_Handler
                0x00000000080012f4        0x2 ./Core/Src/stm32f4xx_it.o
                0x00000000080012f4                NMI_Handler
 .text.HardFault_Handler
                0x00000000080012f6        0x2 ./Core/Src/stm32f4xx_it.o
                0x00000000080012f6                HardFault_Handler
 .text.MemManage_Handler
                0x00000000080012f8        0x2 ./Core/Src/stm32f4xx_it.o
                0x00000000080012f8                MemManage_Handler
 .text.BusFault_Handler
                0x00000000080012fa        0x2 ./Core/Src/stm32f4xx_it.o
                0x00000000080012fa                BusFault_Handler
 .text.UsageFault_Handler
                0x00000000080012fc        0x2 ./Core/Src/stm32f4xx_it.o
                0x00000000080012fc                UsageFault_Handler
 .text.SVC_Handler
                0x00000000080012fe        0x2 ./Core/Src/stm32f4xx_it.o
                0x00000000080012fe                SVC_Handler
 .text.DebugMon_Handler
                0x0000000008001300        0x2 ./Core/Src/stm32f4xx_it.o
                0x0000000008001300                DebugMon_Handler
 .text.PendSV_Handler
                0x0000000008001302        0x2 ./Core/Src/stm32f4xx_it.o
                0x0000000008001302                PendSV_Handler
 .text.SysTick_Handler
                0x0000000008001304        0x4 ./Core/Src/stm32f4xx_it.o
                0x0000000008001304                SysTick_Handler
 .text.TIM1_UP_TIM10_IRQHandler
                0x0000000008001308        0xc ./Core/Src/stm32f4xx_it.o
                0x0000000008001308                TIM1_UP_TIM10_IRQHandler
 .text._sbrk    0x0000000008001314       0x40 ./Core/Src/sysmem.o
                0x0000000008001314                _sbrk
 .text.SystemInit
                0x0000000008001354       0x14 ./Core/Src/system_stm32f4xx.o
                0x0000000008001354                SystemInit
 .text.MX_TIM1_Init
                0x0000000008001368       0x6c ./Core/Src/tim.o
                0x0000000008001368                MX_TIM1_Init
 .text.HAL_TIM_Base_MspInit
                0x00000000080013d4       0x44 ./Core/Src/tim.o
                0x00000000080013d4                HAL_TIM_Base_MspInit
 .text.MX_USART2_UART_Init
                0x0000000008001418       0x38 ./Core/Src/usart.o
                0x0000000008001418                MX_USART2_UART_Init
 .text.HAL_UART_MspInit
                0x0000000008001450       0x6c ./Core/Src/usart.o
                0x0000000008001450                HAL_UART_MspInit
 .text.Reset_Handler
                0x00000000080014bc       0x50 ./Core/Startup/startup_stm32f401vctx.o
                0x00000000080014bc                Reset_Handler
 .text.Default_Handler
                0x000000000800150c        0x2 ./Core/Startup/startup_stm32f401vctx.o
                0x000000000800150c                RTC_Alarm_IRQHandler
                0x000000000800150c                EXTI2_IRQHandler
                0x000000000800150c                SPI4_IRQHandler
                0x000000000800150c                TIM1_CC_IRQHandler
                0x000000000800150c                DMA2_Stream5_IRQHandler
                0x000000000800150c                DMA1_Stream5_IRQHandler
                0x000000000800150c                PVD_IRQHandler
                0x000000000800150c                SDIO_IRQHandler
                0x000000000800150c                TAMP_STAMP_IRQHandler
                0x000000000800150c                EXTI3_IRQHandler
                0x000000000800150c                I2C3_ER_IRQHandler
                0x000000000800150c                EXTI0_IRQHandler
                0x000000000800150c                I2C2_EV_IRQHandler
                0x000000000800150c                DMA1_Stream2_IRQHandler
                0x000000000800150c                FPU_IRQHandler
                0x000000000800150c                DMA2_Stream2_IRQHandler
                0x000000000800150c                SPI1_IRQHandler
                0x000000000800150c                TIM1_BRK_TIM9_IRQHandler
                0x000000000800150c                DMA2_Stream3_IRQHandler
                0x000000000800150c                USART6_IRQHandler
                0x000000000800150c                DMA2_Stream0_IRQHandler
                0x000000000800150c                TIM4_IRQHandler
                0x000000000800150c                I2C1_EV_IRQHandler
                0x000000000800150c                DMA1_Stream6_IRQHandler
                0x000000000800150c                DMA1_Stream1_IRQHandler
                0x000000000800150c                TIM3_IRQHandler
                0x000000000800150c                RCC_IRQHandler
                0x000000000800150c                Default_Handler
                0x000000000800150c                EXTI15_10_IRQHandler
                0x000000000800150c                ADC_IRQHandler
                0x000000000800150c                DMA1_Stream7_IRQHandler
                0x000000000800150c                TIM5_IRQHandler
                0x000000000800150c                DMA2_Stream7_IRQHandler
                0x000000000800150c                I2C3_EV_IRQHandler
                0x000000000800150c                EXTI9_5_IRQHandler
                0x000000000800150c                RTC_WKUP_IRQHandler
                0x000000000800150c                SPI2_IRQHandler
                0x000000000800150c                DMA1_Stream0_IRQHandler
                0x000000000800150c                EXTI4_IRQHandler
                0x000000000800150c                WWDG_IRQHandler
                0x000000000800150c                TIM2_IRQHandler
                0x000000000800150c                OTG_FS_WKUP_IRQHandler
                0x000000000800150c                TIM1_TRG_COM_TIM11_IRQHandler
                0x000000000800150c                EXTI1_IRQHandler
                0x000000000800150c                USART2_IRQHandler
                0x000000000800150c                I2C2_ER_IRQHandler
                0x000000000800150c                DMA2_Stream1_IRQHandler
                0x000000000800150c                FLASH_IRQHandler
                0x000000000800150c                DMA2_Stream4_IRQHandler
                0x000000000800150c                USART1_IRQHandler
                0x000000000800150c                OTG_FS_IRQHandler
                0x000000000800150c                SPI3_IRQHandler
                0x000000000800150c                DMA1_Stream4_IRQHandler
                0x000000000800150c                I2C1_ER_IRQHandler
                0x000000000800150c                DMA2_Stream6_IRQHandler
                0x000000000800150c                DMA1_Stream3_IRQHandler
 *fill*         0x000000000800150e        0x2 
 .text.HAL_InitTick
                0x0000000008001510       0x48 ./Drivers/STM32F4xx_HAL_Driver/Src/stm32f4xx_hal.o
                0x0000000008001510                HAL_InitTick
 .text.HAL_Init
                0x0000000008001558       0x34 ./Drivers/STM32F4xx_HAL_Driver/Src/stm32f4xx_hal.o
                0x0000000008001558                HAL_Init
 .text.HAL_IncTick
                0x000000000800158c       0x18 ./Drivers/STM32F4xx_HAL_Driver/Src/stm32f4xx_hal.o
                0x000000000800158c                HAL_IncTick
 .text.HAL_GetTick
                0x00000000080015a4        0xc ./Drivers/STM32F4xx_HAL_Driver/Src/stm32f4xx_hal.o
                0x00000000080015a4                HAL_GetTick
 .text.HAL_NVIC_SetPriorityGrouping
                0x00000000080015b0       0x24 ./Drivers/STM32F4xx_HAL_Driver/Src/stm32f4xx_hal_cortex.o
                0x00000000080015b0                HAL_NVIC_SetPriorityGrouping
 .text.HAL_NVIC_SetPriority
                0x00000000080015d4       0x64 ./Drivers/STM32F4xx_HAL_Driver/Src/stm32f4xx_hal_cortex.o
                0x00000000080015d4                HAL_NVIC_SetPriority
 .text.HAL_NVIC_EnableIRQ
                0x0000000008001638       0x1c ./Drivers/STM32F4xx_HAL_Driver/Src/stm32f4xx_hal_cortex.o
                0x0000000008001638                HAL_NVIC_EnableIRQ
 .text.HAL_SYSTICK_Config
                0x0000000008001654       0x28 ./Drivers/STM32F4xx_HAL_Driver/Src/stm32f4xx_hal_cortex.o
                0x0000000008001654                HAL_SYSTICK_Config
 .text.HAL_CRC_Init
                0x000000000800167c       0x20 ./Drivers/STM32F4xx_HAL_Driver/Src/stm32f4xx_hal_crc.o
                0x000000000800167c                HAL_CRC_Init
 .text.HAL_GPIO_Init
                0x000000000800169c      0x190 ./Drivers/STM32F4xx_HAL_Driver/Src/stm32f4xx_hal_gpio.o
                0x000000000800169c                HAL_GPIO_Init
 .text.HAL_GPIO_WritePin
                0x000000000800182c        0xa ./Drivers/STM32F4xx_HAL_Driver/Src/stm32f4xx_hal_gpio.o
                0x000000000800182c                HAL_GPIO_WritePin
 .text.I2C_IsAcknowledgeFailed
                0x0000000008001836       0x34 ./Drivers/STM32F4xx_HAL_Driver/Src/stm32f4xx_hal_i2c.o
 .text.I2C_WaitOnFlagUntilTimeout
                0x000000000800186a       0x64 ./Drivers/STM32F4xx_HAL_Driver/Src/stm32f4xx_hal_i2c.o
 .text.I2C_WaitOnMasterAddressFlagUntilTimeout
                0x00000000080018ce       0x76 ./Drivers/STM32F4xx_HAL_Driver/Src/stm32f4xx_hal_i2c.o
 .text.I2C_WaitOnRXNEFlagUntilTimeout
                0x0000000008001944       0x5e ./Drivers/STM32F4xx_HAL_Driver/Src/stm32f4xx_hal_i2c.o
 .text.I2C_WaitOnBTFFlagUntilTimeout
                0x00000000080019a2       0x4c ./Drivers/STM32F4xx_HAL_Driver/Src/stm32f4xx_hal_i2c.o
 .text.I2C_WaitOnTXEFlagUntilTimeout
                0x00000000080019ee       0x4c ./Drivers/STM32F4xx_HAL_Driver/Src/stm32f4xx_hal_i2c.o
 *fill*         0x0000000008001a3a        0x2 
 .text.I2C_RequestMemoryWrite
                0x0000000008001a3c       0xb0 ./Drivers/STM32F4xx_HAL_Driver/Src/stm32f4xx_hal_i2c.o
 .text.I2C_RequestMemoryRead
                0x0000000008001aec      0x104 ./Drivers/STM32F4xx_HAL_Driver/Src/stm32f4xx_hal_i2c.o
 .text.HAL_I2C_Init
                0x0000000008001bf0      0x150 ./Drivers/STM32F4xx_HAL_Driver/Src/stm32f4xx_hal_i2c.o
                0x0000000008001bf0                HAL_I2C_Init
 .text.HAL_I2C_Mem_Write
                0x0000000008001d40      0x120 ./Drivers/STM32F4xx_HAL_Driver/Src/stm32f4xx_hal_i2c.o
                0x0000000008001d40                HAL_I2C_Mem_Write
 .text.HAL_I2C_Mem_Read
                0x0000000008001e60      0x210 ./Drivers/STM32F4xx_HAL_Driver/Src/stm32f4xx_hal_i2c.o
                0x0000000008001e60                HAL_I2C_Mem_Read
 .text.HAL_RCC_OscConfig
                0x0000000008002070      0x360 ./Drivers/STM32F4xx_HAL_Driver/Src/stm32f4xx_hal_rcc.o
                0x0000000008002070                HAL_RCC_OscConfig
 .text.HAL_RCC_GetSysClockFreq
                0x00000000080023d0       0x5c ./Drivers/STM32F4xx_HAL_Driver/Src/stm32f4xx_hal_rcc.o
                0x00000000080023d0                HAL_RCC_GetSysClockFreq
 .text.HAL_RCC_ClockConfig
                0x000000000800242c      0x138 ./Drivers/STM32F4xx_HAL_Driver/Src/stm32f4xx_hal_rcc.o
                0x000000000800242c                HAL_RCC_ClockConfig
 .text.HAL_RCC_GetPCLK1Freq
                0x0000000008002564       0x20 ./Drivers/STM32F4xx_HAL_Driver/Src/stm32f4xx_hal_rcc.o
                0x0000000008002564                HAL_RCC_GetPCLK1Freq
 .text.HAL_RCC_GetPCLK2Freq
                0x0000000008002584       0x20 ./Drivers/STM32F4xx_HAL_Driver/Src/stm32f4xx_hal_rcc.o
                0x0000000008002584                HAL_RCC_GetPCLK2Freq
 .text.HAL_TIM_Base_Start_IT
                0x00000000080025a4       0x64 ./Drivers/STM32F4xx_HAL_Driver/Src/stm32f4xx_hal_tim.o
                0x00000000080025a4                HAL_TIM_Base_Start_IT
 .text.HAL_TIM_OC_DelayElapsedCallback
                0x0000000008002608        0x2 ./Drivers/STM32F4xx_HAL_Driver/Src/stm32f4xx_hal_tim.o
                0x0000000008002608                HAL_TIM_OC_DelayElapsedCallback
 .text.HAL_TIM_IC_CaptureCallback
                0x000000000800260a        0x2 ./Drivers/STM32F4xx_HAL_Driver/Src/stm32f4xx_hal_tim.o
                0x000000000800260a                HAL_TIM_IC_CaptureCallback
 .text.HAL_TIM_PWM_PulseFinishedCallback
                0x000000000800260c        0x2 ./Drivers/STM32F4xx_HAL_Driver/Src/stm32f4xx_hal_tim.o
                0x000000000800260c                HAL_TIM_PWM_PulseFinishedCallback
 .text.HAL_TIM_TriggerCallback
                0x000000000800260e        0x2 ./Drivers/STM32F4xx_HAL_Driver/Src/stm32f4xx_hal_tim.o
                0x000000000800260e                HAL_TIM_TriggerCallback
 .text.HAL_TIM_IRQHandler
                0x0000000008002610      0x144 ./Drivers/STM32F4xx_HAL_Driver/Src/stm32f4xx_hal_tim.o
                0x0000000008002610                HAL_TIM_IRQHandler
 .text.TIM_Base_SetConfig
                0x0000000008002754       0x9c ./Drivers/STM32F4xx_HAL_Driver/Src/stm32f4xx_hal_tim.o
                0x0000000008002754                TIM_Base_SetConfig
 .text.HAL_TIM_Base_Init
                0x00000000080027f0       0x58 ./Drivers/STM32F4xx_HAL_Driver/Src/stm32f4xx_hal_tim.o
                0x00000000080027f0                HAL_TIM_Base_Init
 .text.TIM_ETR_SetConfig
                0x0000000008002848       0x14 ./Drivers/STM32F4xx_HAL_Driver/Src/stm32f4xx_hal_tim.o
                0x0000000008002848                TIM_ETR_SetConfig
 .text.HAL_TIM_ConfigClockSource
                0x000000000800285c      0x138 ./Drivers/STM32F4xx_HAL_Driver/Src/stm32f4xx_hal_tim.o
                0x000000000800285c                HAL_TIM_ConfigClockSource
 .text.HAL_TIMEx_MasterConfigSynchronization
                0x0000000008002994       0x6c ./Drivers/STM32F4xx_HAL_Driver/Src/stm32f4xx_hal_tim_ex.o
                0x0000000008002994                HAL_TIMEx_MasterConfigSynchronization
 .text.HAL_TIMEx_CommutCallback
                0x0000000008002a00        0x2 ./Drivers/STM32F4xx_HAL_Driver/Src/stm32f4xx_hal_tim_ex.o
                0x0000000008002a00                HAL_TIMEx_CommutCallback
 .text.HAL_TIMEx_BreakCallback
                0x0000000008002a02        0x2 ./Drivers/STM32F4xx_HAL_Driver/Src/stm32f4xx_hal_tim_ex.o
                0x0000000008002a02                HAL_TIMEx_BreakCallback
 .text.UART_SetConfig
                0x0000000008002a04       0xbc ./Drivers/STM32F4xx_HAL_Driver/Src/stm32f4xx_hal_uart.o
 .text.UART_WaitOnFlagUntilTimeout.constprop.0
                0x0000000008002ac0       0x6c ./Drivers/STM32F4xx_HAL_Driver/Src/stm32f4xx_hal_uart.o
 .text.HAL_UART_Init
                0x0000000008002b2c       0x5c ./Drivers/STM32F4xx_HAL_Driver/Src/stm32f4xx_hal_uart.o
                0x0000000008002b2c                HAL_UART_Init
 .text.HAL_UART_Transmit
                0x0000000008002b88       0xaa ./Drivers/STM32F4xx_HAL_Driver/Src/stm32f4xx_hal_uart.o
                0x0000000008002b88                HAL_UART_Transmit
 *fill*         0x0000000008002c32        0x2 
 .text.acquire_and_process_data
                0x0000000008002c34       0x18 ./X-CUBE-AI/App/app_x-cube-ai.o
                0x0000000008002c34                acquire_and_process_data
 .text.post_process
                0x0000000008002c4c      0x11c ./X-CUBE-AI/App/app_x-cube-ai.o
                0x0000000008002c4c                post_process
 .text.HAL_TIM_PeriodElapsedCallback
                0x0000000008002d68       0xc4 ./X-CUBE-AI/App/app_x-cube-ai.o
                0x0000000008002d68                HAL_TIM_PeriodElapsedCallback
 .text.MX_X_CUBE_AI_Init
                0x0000000008002e2c       0x6c ./X-CUBE-AI/App/app_x-cube-ai.o
                0x0000000008002e2c                MX_X_CUBE_AI_Init
 .text.MX_X_CUBE_AI_Process
                0x0000000008002e98       0x54 ./X-CUBE-AI/App/app_x-cube-ai.o
                0x0000000008002e98                MX_X_CUBE_AI_Process
 .text.ai_network_har_get_error
                0x0000000008002eec        0x4 ./X-CUBE-AI/App/network_har.o
                0x0000000008002eec                ai_network_har_get_error
 .text.ai_network_har_create
                0x0000000008002ef0       0x1c ./X-CUBE-AI/App/network_har.o
                0x0000000008002ef0                ai_network_har_create
 .text.ai_network_har_inputs_get
                0x0000000008002f0c       0x14 ./X-CUBE-AI/App/network_har.o
                0x0000000008002f0c                ai_network_har_inputs_get
 .text.ai_network_har_outputs_get
                0x0000000008002f20       0x14 ./X-CUBE-AI/App/network_har.o
                0x0000000008002f20                ai_network_har_outputs_get
 .text.ai_network_har_init
                0x0000000008002f34      0x174 ./X-CUBE-AI/App/network_har.o
                0x0000000008002f34                ai_network_har_init
 .text.ai_network_har_create_and_init
                0x00000000080030a8       0x8e ./X-CUBE-AI/App/network_har.o
                0x00000000080030a8                ai_network_har_create_and_init
 .text.ai_network_har_run
                0x0000000008003136        0x4 ./X-CUBE-AI/App/network_har.o
                0x0000000008003136                ai_network_har_run
 *fill*         0x000000000800313a        0x2 
 .text.ai_network_har_data_params_get
                0x000000000800313c       0x30 ./X-CUBE-AI/App/network_har_data.o
                0x000000000800313c                ai_network_har_data_params_get
 .text.ai_buffer_get_size
                0x000000000800316c       0x60 ../Middlewares/ST/AI/Lib\NetworkRuntime710_CM4_GCC.a(ai_platform.o)
                0x000000000800316c                ai_buffer_get_size
 .text.ai_buffer_array_sane
                0x00000000080031cc       0x14 ../Middlewares/ST/AI/Lib\NetworkRuntime710_CM4_GCC.a(ai_platform.o)
                0x00000000080031cc                ai_buffer_array_sane
 .text.ai_buffer_array_item_set_address
                0x00000000080031e0       0x24 ../Middlewares/ST/AI/Lib\NetworkRuntime710_CM4_GCC.a(ai_platform.o)
                0x00000000080031e0                ai_buffer_array_item_set_address
 .text._ai_platform_acquire_crc
                0x0000000008003204        0x4 ../Middlewares/ST/AI/Lib\NetworkRuntime710_CM4_GCC.a(ai_platform_interface.o)
                0x0000000008003204                _ai_platform_acquire_crc
 .text._ai_platform_release_crc
                0x0000000008003208        0x4 ../Middlewares/ST/AI/Lib\NetworkRuntime710_CM4_GCC.a(ai_platform_interface.o)
                0x0000000008003208                _ai_platform_release_crc
 .text.ai_platform_get_weights_map
                0x000000000800320c       0xa0 ../Middlewares/ST/AI/Lib\NetworkRuntime710_CM4_GCC.a(ai_platform_interface.o)
                0x000000000800320c                ai_platform_get_weights_map
 .text.ai_platform_get_activations_map
                0x00000000080032ac       0xa4 ../Middlewares/ST/AI/Lib\NetworkRuntime710_CM4_GCC.a(ai_platform_interface.o)
                0x00000000080032ac                ai_platform_get_activations_map
 .text.ai_platform_bind_network_params
                0x0000000008003350       0x38 ../Middlewares/ST/AI/Lib\NetworkRuntime710_CM4_GCC.a(ai_platform_interface.o)
                0x0000000008003350                ai_platform_bind_network_params
 .text.ai_platform_network_get_error
                0x0000000008003388       0xf4 ../Middlewares/ST/AI/Lib\NetworkRuntime710_CM4_GCC.a(ai_platform_interface.o)
                0x0000000008003388                ai_platform_network_get_error
 .text.ai_platform_network_set_error
                0x000000000800347c        0xc ../Middlewares/ST/AI/Lib\NetworkRuntime710_CM4_GCC.a(ai_platform_interface.o)
                0x000000000800347c                ai_platform_network_set_error
 .text.ai_platform_inputs_get
                0x0000000008003488      0x1e8 ../Middlewares/ST/AI/Lib\NetworkRuntime710_CM4_GCC.a(ai_platform_interface.o)
                0x0000000008003488                ai_platform_inputs_get
 .text.ai_platform_outputs_get
                0x0000000008003670      0x1f4 ../Middlewares/ST/AI/Lib\NetworkRuntime710_CM4_GCC.a(ai_platform_interface.o)
                0x0000000008003670                ai_platform_outputs_get
 .text.ai_platform_network_create
                0x0000000008003864      0x1c0 ../Middlewares/ST/AI/Lib\NetworkRuntime710_CM4_GCC.a(ai_platform_interface.o)
                0x0000000008003864                ai_platform_network_create
 .text.ai_platform_network_init
                0x0000000008003a24      0x218 ../Middlewares/ST/AI/Lib\NetworkRuntime710_CM4_GCC.a(ai_platform_interface.o)
                0x0000000008003a24                ai_platform_network_init
 .text.ai_platform_network_post_init
                0x0000000008003c3c      0x128 ../Middlewares/ST/AI/Lib\NetworkRuntime710_CM4_GCC.a(ai_platform_interface.o)
                0x0000000008003c3c                ai_platform_network_post_init
 .text.ai_platform_network_process
                0x0000000008003d64      0x4d8 ../Middlewares/ST/AI/Lib\NetworkRuntime710_CM4_GCC.a(ai_platform_interface.o)
                0x0000000008003d64                ai_platform_network_process
 .text.core_init
                0x000000000800423c        0x4 ../Middlewares/ST/AI/Lib\NetworkRuntime710_CM4_GCC.a(core_common.o)
                0x000000000800423c                core_init
 .text.core_get_error
                0x0000000008004240        0xc ../Middlewares/ST/AI/Lib\NetworkRuntime710_CM4_GCC.a(core_common.o)
                0x0000000008004240                core_get_error
 .text.core_set_error
                0x000000000800424c       0x18 ../Middlewares/ST/AI/Lib\NetworkRuntime710_CM4_GCC.a(core_common.o)
                0x000000000800424c                core_set_error
 .text.func_dummy
                0x0000000008004264        0x4 ../Middlewares/ST/AI/Lib\NetworkRuntime710_CM4_GCC.a(layers_conv2d_generic_float.o)
 .text.ai_dict_decompress_f32
                0x0000000008004268       0xa0 ../Middlewares/ST/AI/Lib\NetworkRuntime710_CM4_GCC.a(layers_conv2d_generic_float.o)
                0x0000000008004268                ai_dict_decompress_f32
 .text.forward_conv2d_nl_pool
                0x0000000008004308     0x1270 ../Middlewares/ST/AI/Lib\NetworkRuntime710_CM4_GCC.a(layers_conv2d_generic_float.o)
                0x0000000008004308                forward_conv2d_nl_pool
 .text.forward_dense
                0x0000000008005578      0x7b8 ../Middlewares/ST/AI/Lib\NetworkRuntime710_CM4_GCC.a(layers_conv2d_generic_float.o)
                0x0000000008005578                forward_dense
 .text.pool_func_mp_array_f32
                0x0000000008005d30      0x2b8 ../Middlewares/ST/AI/Lib\NetworkRuntime710_CM4_GCC.a(layers_pool_generic_float.o)
                0x0000000008005d30                pool_func_mp_array_f32
 .text.nl_func_relu_array_f32
                0x0000000008005fe8       0x50 ../Middlewares/ST/AI/Lib\NetworkRuntime710_CM4_GCC.a(layers_nl_generic_float.o)
                0x0000000008005fe8                nl_func_relu_array_f32
 .text.nl_func_sm_array_f32
                0x0000000008006038      0x100 ../Middlewares/ST/AI/Lib\NetworkRuntime710_CM4_GCC.a(layers_nl_generic_float.o)
                0x0000000008006038                nl_func_sm_array_f32
 .text.nl_func_relu_generic_array_f32
                0x0000000008006138       0xfc ../Middlewares/ST/AI/Lib\NetworkRuntime710_CM4_GCC.a(layers_nl_generic_float.o)
                0x0000000008006138                nl_func_relu_generic_array_f32
 .text.forward_relu
                0x0000000008006234      0x124 ../Middlewares/ST/AI/Lib\NetworkRuntime710_CM4_GCC.a(layers_nl_generic_float.o)
                0x0000000008006234                forward_relu
 .text.forward_sm
                0x0000000008006358       0x64 ../Middlewares/ST/AI/Lib\NetworkRuntime710_CM4_GCC.a(layers_nl_generic_float.o)
                0x0000000008006358                forward_sm
 .text.ai_check_custom_types
                0x00000000080063bc       0x54 ../Middlewares/ST/AI/Lib\NetworkRuntime710_CM4_GCC.a(layers.o)
                0x00000000080063bc                ai_check_custom_types
 .text.ai_layers_init_all
                0x0000000008006410       0x28 ../Middlewares/ST/AI/Lib\NetworkRuntime710_CM4_GCC.a(layers.o)
                0x0000000008006410                ai_layers_init_all
 .text.ai_layers_post_init_all
                0x0000000008006438       0x30 ../Middlewares/ST/AI/Lib\NetworkRuntime710_CM4_GCC.a(layers.o)
                0x0000000008006438                ai_layers_post_init_all
 .text.ai_layers_forward_all
                0x0000000008006468       0x9c ../Middlewares/ST/AI/Lib\NetworkRuntime710_CM4_GCC.a(layers.o)
                0x0000000008006468                ai_layers_forward_all
 .text.ai_version_get
                0x0000000008006504        0xc ../Middlewares/ST/AI/Lib\NetworkRuntime710_CM4_GCC.a(ai_datatypes_internal.o)
                0x0000000008006504                ai_version_get
 .text.get_tensor_byte_size
                0x0000000008006510       0x28 ../Middlewares/ST/AI/Lib\NetworkRuntime710_CM4_GCC.a(ai_datatypes_internal.o)
                0x0000000008006510                get_tensor_byte_size
 .text.ai_array_to_buffer_fmt
                0x0000000008006538       0xac ../Middlewares/ST/AI/Lib\NetworkRuntime710_CM4_GCC.a(ai_datatypes_format.o)
                0x0000000008006538                ai_array_to_buffer_fmt
 .text.ai_array_get_byte_size
                0x00000000080065e4       0x48 ../Middlewares/ST/AI/Lib\NetworkRuntime710_CM4_GCC.a(ai_datatypes_format.o)
                0x00000000080065e4                ai_array_get_byte_size
 .text.ai_array_get_data_byte_size
                0x000000000800662c       0x20 ../Middlewares/ST/AI/Lib\NetworkRuntime710_CM4_GCC.a(ai_datatypes_format.o)
                0x000000000800662c                ai_array_get_data_byte_size
 .text.__errno  0x000000000800664c        0xc e:/stm32cubeide_1.8.0/stm32cubeide/plugins/com.st.stm32cube.ide.mcu.externaltools.gnu-tools-for-stm32.10.3-2021.10.win32_1.0.0.202111181127/tools/bin/../lib/gcc/arm-none-eabi/10.3.1/../../../../arm-none-eabi/lib/thumb/v7e-m+fp/hard\libc_nano.a(lib_a-errno.o)
                0x000000000800664c                __errno
 .text.__libc_init_array
                0x0000000008006658       0x48 e:/stm32cubeide_1.8.0/stm32cubeide/plugins/com.st.stm32cube.ide.mcu.externaltools.gnu-tools-for-stm32.10.3-2021.10.win32_1.0.0.202111181127/tools/bin/../lib/gcc/arm-none-eabi/10.3.1/../../../../arm-none-eabi/lib/thumb/v7e-m+fp/hard\libc_nano.a(lib_a-init.o)
                0x0000000008006658                __libc_init_array
 .text.malloc   0x00000000080066a0       0x10 e:/stm32cubeide_1.8.0/stm32cubeide/plugins/com.st.stm32cube.ide.mcu.externaltools.gnu-tools-for-stm32.10.3-2021.10.win32_1.0.0.202111181127/tools/bin/../lib/gcc/arm-none-eabi/10.3.1/../../../../arm-none-eabi/lib/thumb/v7e-m+fp/hard\libc_nano.a(lib_a-malloc.o)
                0x00000000080066a0                malloc
 .text.memcpy   0x00000000080066b0       0x1c e:/stm32cubeide_1.8.0/stm32cubeide/plugins/com.st.stm32cube.ide.mcu.externaltools.gnu-tools-for-stm32.10.3-2021.10.win32_1.0.0.202111181127/tools/bin/../lib/gcc/arm-none-eabi/10.3.1/../../../../arm-none-eabi/lib/thumb/v7e-m+fp/hard\libc_nano.a(lib_a-memcpy-stub.o)
                0x00000000080066b0                memcpy
 .text.memset   0x00000000080066cc       0x10 e:/stm32cubeide_1.8.0/stm32cubeide/plugins/com.st.stm32cube.ide.mcu.externaltools.gnu-tools-for-stm32.10.3-2021.10.win32_1.0.0.202111181127/tools/bin/../lib/gcc/arm-none-eabi/10.3.1/../../../../arm-none-eabi/lib/thumb/v7e-m+fp/hard\libc_nano.a(lib_a-memset.o)
                0x00000000080066cc                memset
 .text._free_r  0x00000000080066dc       0x98 e:/stm32cubeide_1.8.0/stm32cubeide/plugins/com.st.stm32cube.ide.mcu.externaltools.gnu-tools-for-stm32.10.3-2021.10.win32_1.0.0.202111181127/tools/bin/../lib/gcc/arm-none-eabi/10.3.1/../../../../arm-none-eabi/lib/thumb/v7e-m+fp/hard\libc_nano.a(lib_a-nano-freer.o)
                0x00000000080066dc                _free_r
 .text.sbrk_aligned
                0x0000000008006774       0x40 e:/stm32cubeide_1.8.0/stm32cubeide/plugins/com.st.stm32cube.ide.mcu.externaltools.gnu-tools-for-stm32.10.3-2021.10.win32_1.0.0.202111181127/tools/bin/../lib/gcc/arm-none-eabi/10.3.1/../../../../arm-none-eabi/lib/thumb/v7e-m+fp/hard\libc_nano.a(lib_a-nano-mallocr.o)
 .text._malloc_r
                0x00000000080067b4       0xe8 e:/stm32cubeide_1.8.0/stm32cubeide/plugins/com.st.stm32cube.ide.mcu.externaltools.gnu-tools-for-stm32.10.3-2021.10.win32_1.0.0.202111181127/tools/bin/../lib/gcc/arm-none-eabi/10.3.1/../../../../arm-none-eabi/lib/thumb/v7e-m+fp/hard\libc_nano.a(lib_a-nano-mallocr.o)
                0x00000000080067b4                _malloc_r
 .text.__cvt    0x000000000800689c       0xc4 e:/stm32cubeide_1.8.0/stm32cubeide/plugins/com.st.stm32cube.ide.mcu.externaltools.gnu-tools-for-stm32.10.3-2021.10.win32_1.0.0.202111181127/tools/bin/../lib/gcc/arm-none-eabi/10.3.1/../../../../arm-none-eabi/lib/thumb/v7e-m+fp/hard\libc_nano.a(lib_a-nano-vfprintf_float.o)
                0x000000000800689c                __cvt
 .text.__exponent
                0x0000000008006960       0x7c e:/stm32cubeide_1.8.0/stm32cubeide/plugins/com.st.stm32cube.ide.mcu.externaltools.gnu-tools-for-stm32.10.3-2021.10.win32_1.0.0.202111181127/tools/bin/../lib/gcc/arm-none-eabi/10.3.1/../../../../arm-none-eabi/lib/thumb/v7e-m+fp/hard\libc_nano.a(lib_a-nano-vfprintf_float.o)
                0x0000000008006960                __exponent
 .text._printf_float
                0x00000000080069dc      0x46c e:/stm32cubeide_1.8.0/stm32cubeide/plugins/com.st.stm32cube.ide.mcu.externaltools.gnu-tools-for-stm32.10.3-2021.10.win32_1.0.0.202111181127/tools/bin/../lib/gcc/arm-none-eabi/10.3.1/../../../../arm-none-eabi/lib/thumb/v7e-m+fp/hard\libc_nano.a(lib_a-nano-vfprintf_float.o)
                0x00000000080069dc                _printf_float
 .text._printf_common
                0x0000000008006e48       0xda e:/stm32cubeide_1.8.0/stm32cubeide/plugins/com.st.stm32cube.ide.mcu.externaltools.gnu-tools-for-stm32.10.3-2021.10.win32_1.0.0.202111181127/tools/bin/../lib/gcc/arm-none-eabi/10.3.1/../../../../arm-none-eabi/lib/thumb/v7e-m+fp/hard\libc_nano.a(lib_a-nano-vfprintf_i.o)
                0x0000000008006e48                _printf_common
 *fill*         0x0000000008006f22        0x2 
 .text._printf_i
                0x0000000008006f24      0x24c e:/stm32cubeide_1.8.0/stm32cubeide/plugins/com.st.stm32cube.ide.mcu.externaltools.gnu-tools-for-stm32.10.3-2021.10.win32_1.0.0.202111181127/tools/bin/../lib/gcc/arm-none-eabi/10.3.1/../../../../arm-none-eabi/lib/thumb/v7e-m+fp/hard\libc_nano.a(lib_a-nano-vfprintf_i.o)
                0x0000000008006f24                _printf_i
 .text.printf   0x0000000008007170       0x30 e:/stm32cubeide_1.8.0/stm32cubeide/plugins/com.st.stm32cube.ide.mcu.externaltools.gnu-tools-for-stm32.10.3-2021.10.win32_1.0.0.202111181127/tools/bin/../lib/gcc/arm-none-eabi/10.3.1/../../../../arm-none-eabi/lib/thumb/v7e-m+fp/hard\libc_nano.a(lib_a-printf.o)
                0x0000000008007170                iprintf
                0x0000000008007170                printf
 .text._sbrk_r  0x00000000080071a0       0x20 e:/stm32cubeide_1.8.0/stm32cubeide/plugins/com.st.stm32cube.ide.mcu.externaltools.gnu-tools-for-stm32.10.3-2021.10.win32_1.0.0.202111181127/tools/bin/../lib/gcc/arm-none-eabi/10.3.1/../../../../arm-none-eabi/lib/thumb/v7e-m+fp/hard\libc_nano.a(lib_a-sbrkr.o)
                0x00000000080071a0                _sbrk_r
 .text.sprintf  0x00000000080071c0       0x40 e:/stm32cubeide_1.8.0/stm32cubeide/plugins/com.st.stm32cube.ide.mcu.externaltools.gnu-tools-for-stm32.10.3-2021.10.win32_1.0.0.202111181127/tools/bin/../lib/gcc/arm-none-eabi/10.3.1/../../../../arm-none-eabi/lib/thumb/v7e-m+fp/hard\libc_nano.a(lib_a-sprintf.o)
                0x00000000080071c0                siprintf
                0x00000000080071c0                sprintf
 .text.quorem   0x0000000008007200      0x116 e:/stm32cubeide_1.8.0/stm32cubeide/plugins/com.st.stm32cube.ide.mcu.externaltools.gnu-tools-for-stm32.10.3-2021.10.win32_1.0.0.202111181127/tools/bin/../lib/gcc/arm-none-eabi/10.3.1/../../../../arm-none-eabi/lib/thumb/v7e-m+fp/hard\libc_nano.a(lib_a-dtoa.o)
 *fill*         0x0000000008007316        0x2 
 .text._dtoa_r  0x0000000008007318      0xbdc e:/stm32cubeide_1.8.0/stm32cubeide/plugins/com.st.stm32cube.ide.mcu.externaltools.gnu-tools-for-stm32.10.3-2021.10.win32_1.0.0.202111181127/tools/bin/../lib/gcc/arm-none-eabi/10.3.1/../../../../arm-none-eabi/lib/thumb/v7e-m+fp/hard\libc_nano.a(lib_a-dtoa.o)
                0x0000000008007318                _dtoa_r
 .text.std      0x0000000008007ef4       0x48 e:/stm32cubeide_1.8.0/stm32cubeide/plugins/com.st.stm32cube.ide.mcu.externaltools.gnu-tools-for-stm32.10.3-2021.10.win32_1.0.0.202111181127/tools/bin/../lib/gcc/arm-none-eabi/10.3.1/../../../../arm-none-eabi/lib/thumb/v7e-m+fp/hard\libc_nano.a(lib_a-findfp.o)
 .text._cleanup_r
                0x0000000008007f3c        0xc e:/stm32cubeide_1.8.0/stm32cubeide/plugins/com.st.stm32cube.ide.mcu.externaltools.gnu-tools-for-stm32.10.3-2021.10.win32_1.0.0.202111181127/tools/bin/../lib/gcc/arm-none-eabi/10.3.1/../../../../arm-none-eabi/lib/thumb/v7e-m+fp/hard\libc_nano.a(lib_a-findfp.o)
                0x0000000008007f3c                _cleanup_r
 .text.__sfmoreglue
                0x0000000008007f48       0x2c e:/stm32cubeide_1.8.0/stm32cubeide/plugins/com.st.stm32cube.ide.mcu.externaltools.gnu-tools-for-stm32.10.3-2021.10.win32_1.0.0.202111181127/tools/bin/../lib/gcc/arm-none-eabi/10.3.1/../../../../arm-none-eabi/lib/thumb/v7e-m+fp/hard\libc_nano.a(lib_a-findfp.o)
                0x0000000008007f48                __sfmoreglue
 .text.__sfp_lock_acquire
                0x0000000008007f74        0xc e:/stm32cubeide_1.8.0/stm32cubeide/plugins/com.st.stm32cube.ide.mcu.externaltools.gnu-tools-for-stm32.10.3-2021.10.win32_1.0.0.202111181127/tools/bin/../lib/gcc/arm-none-eabi/10.3.1/../../../../arm-none-eabi/lib/thumb/v7e-m+fp/hard\libc_nano.a(lib_a-findfp.o)
                0x0000000008007f74                __sfp_lock_acquire
 .text.__sfp_lock_release
                0x0000000008007f80        0xc e:/stm32cubeide_1.8.0/stm32cubeide/plugins/com.st.stm32cube.ide.mcu.externaltools.gnu-tools-for-stm32.10.3-2021.10.win32_1.0.0.202111181127/tools/bin/../lib/gcc/arm-none-eabi/10.3.1/../../../../arm-none-eabi/lib/thumb/v7e-m+fp/hard\libc_nano.a(lib_a-findfp.o)
                0x0000000008007f80                __sfp_lock_release
 .text.__sinit_lock_acquire
                0x0000000008007f8c        0xc e:/stm32cubeide_1.8.0/stm32cubeide/plugins/com.st.stm32cube.ide.mcu.externaltools.gnu-tools-for-stm32.10.3-2021.10.win32_1.0.0.202111181127/tools/bin/../lib/gcc/arm-none-eabi/10.3.1/../../../../arm-none-eabi/lib/thumb/v7e-m+fp/hard\libc_nano.a(lib_a-findfp.o)
                0x0000000008007f8c                __sinit_lock_acquire
 .text.__sinit_lock_release
                0x0000000008007f98        0xc e:/stm32cubeide_1.8.0/stm32cubeide/plugins/com.st.stm32cube.ide.mcu.externaltools.gnu-tools-for-stm32.10.3-2021.10.win32_1.0.0.202111181127/tools/bin/../lib/gcc/arm-none-eabi/10.3.1/../../../../arm-none-eabi/lib/thumb/v7e-m+fp/hard\libc_nano.a(lib_a-findfp.o)
                0x0000000008007f98                __sinit_lock_release
 .text.__sinit  0x0000000008007fa4       0x70 e:/stm32cubeide_1.8.0/stm32cubeide/plugins/com.st.stm32cube.ide.mcu.externaltools.gnu-tools-for-stm32.10.3-2021.10.win32_1.0.0.202111181127/tools/bin/../lib/gcc/arm-none-eabi/10.3.1/../../../../arm-none-eabi/lib/thumb/v7e-m+fp/hard\libc_nano.a(lib_a-findfp.o)
                0x0000000008007fa4                __sinit
 .text.__sfp    0x0000000008008014       0x8c e:/stm32cubeide_1.8.0/stm32cubeide/plugins/com.st.stm32cube.ide.mcu.externaltools.gnu-tools-for-stm32.10.3-2021.10.win32_1.0.0.202111181127/tools/bin/../lib/gcc/arm-none-eabi/10.3.1/../../../../arm-none-eabi/lib/thumb/v7e-m+fp/hard\libc_nano.a(lib_a-findfp.o)
                0x0000000008008014                __sfp
 .text._fwalk_reent
                0x00000000080080a0       0x3e e:/stm32cubeide_1.8.0/stm32cubeide/plugins/com.st.stm32cube.ide.mcu.externaltools.gnu-tools-for-stm32.10.3-2021.10.win32_1.0.0.202111181127/tools/bin/../lib/gcc/arm-none-eabi/10.3.1/../../../../arm-none-eabi/lib/thumb/v7e-m+fp/hard\libc_nano.a(lib_a-fwalk.o)
                0x00000000080080a0                _fwalk_reent
 *fill*         0x00000000080080de        0x2 
 .text._localeconv_r
                0x00000000080080e0        0x8 e:/stm32cubeide_1.8.0/stm32cubeide/plugins/com.st.stm32cube.ide.mcu.externaltools.gnu-tools-for-stm32.10.3-2021.10.win32_1.0.0.202111181127/tools/bin/../lib/gcc/arm-none-eabi/10.3.1/../../../../arm-none-eabi/lib/thumb/v7e-m+fp/hard\libc_nano.a(lib_a-localeconv.o)
                0x00000000080080e0                _localeconv_r
 .text.__retarget_lock_init_recursive
                0x00000000080080e8        0x2 e:/stm32cubeide_1.8.0/stm32cubeide/plugins/com.st.stm32cube.ide.mcu.externaltools.gnu-tools-for-stm32.10.3-2021.10.win32_1.0.0.202111181127/tools/bin/../lib/gcc/arm-none-eabi/10.3.1/../../../../arm-none-eabi/lib/thumb/v7e-m+fp/hard\libc_nano.a(lib_a-lock.o)
                0x00000000080080e8                __retarget_lock_init_recursive
 .text.__retarget_lock_acquire_recursive
                0x00000000080080ea        0x2 e:/stm32cubeide_1.8.0/stm32cubeide/plugins/com.st.stm32cube.ide.mcu.externaltools.gnu-tools-for-stm32.10.3-2021.10.win32_1.0.0.202111181127/tools/bin/../lib/gcc/arm-none-eabi/10.3.1/../../../../arm-none-eabi/lib/thumb/v7e-m+fp/hard\libc_nano.a(lib_a-lock.o)
                0x00000000080080ea                __retarget_lock_acquire_recursive
 .text.__retarget_lock_release_recursive
                0x00000000080080ec        0x2 e:/stm32cubeide_1.8.0/stm32cubeide/plugins/com.st.stm32cube.ide.mcu.externaltools.gnu-tools-for-stm32.10.3-2021.10.win32_1.0.0.202111181127/tools/bin/../lib/gcc/arm-none-eabi/10.3.1/../../../../arm-none-eabi/lib/thumb/v7e-m+fp/hard\libc_nano.a(lib_a-lock.o)
                0x00000000080080ec                __retarget_lock_release_recursive
 *fill*         0x00000000080080ee        0x2 
 .text.__malloc_lock
                0x00000000080080f0        0xc e:/stm32cubeide_1.8.0/stm32cubeide/plugins/com.st.stm32cube.ide.mcu.externaltools.gnu-tools-for-stm32.10.3-2021.10.win32_1.0.0.202111181127/tools/bin/../lib/gcc/arm-none-eabi/10.3.1/../../../../arm-none-eabi/lib/thumb/v7e-m+fp/hard\libc_nano.a(lib_a-mlock.o)
                0x00000000080080f0                __malloc_lock
 .text.__malloc_unlock
                0x00000000080080fc        0xc e:/stm32cubeide_1.8.0/stm32cubeide/plugins/com.st.stm32cube.ide.mcu.externaltools.gnu-tools-for-stm32.10.3-2021.10.win32_1.0.0.202111181127/tools/bin/../lib/gcc/arm-none-eabi/10.3.1/../../../../arm-none-eabi/lib/thumb/v7e-m+fp/hard\libc_nano.a(lib_a-mlock.o)
                0x00000000080080fc                __malloc_unlock
 .text._Balloc  0x0000000008008108       0x80 e:/stm32cubeide_1.8.0/stm32cubeide/plugins/com.st.stm32cube.ide.mcu.externaltools.gnu-tools-for-stm32.10.3-2021.10.win32_1.0.0.202111181127/tools/bin/../lib/gcc/arm-none-eabi/10.3.1/../../../../arm-none-eabi/lib/thumb/v7e-m+fp/hard\libc_nano.a(lib_a-mprec.o)
                0x0000000008008108                _Balloc
 .text._Bfree   0x0000000008008188       0x44 e:/stm32cubeide_1.8.0/stm32cubeide/plugins/com.st.stm32cube.ide.mcu.externaltools.gnu-tools-for-stm32.10.3-2021.10.win32_1.0.0.202111181127/tools/bin/../lib/gcc/arm-none-eabi/10.3.1/../../../../arm-none-eabi/lib/thumb/v7e-m+fp/hard\libc_nano.a(lib_a-mprec.o)
                0x0000000008008188                _Bfree
 .text.__multadd
                0x00000000080081cc       0x8c e:/stm32cubeide_1.8.0/stm32cubeide/plugins/com.st.stm32cube.ide.mcu.externaltools.gnu-tools-for-stm32.10.3-2021.10.win32_1.0.0.202111181127/tools/bin/../lib/gcc/arm-none-eabi/10.3.1/../../../../arm-none-eabi/lib/thumb/v7e-m+fp/hard\libc_nano.a(lib_a-mprec.o)
                0x00000000080081cc                __multadd
 .text.__hi0bits
                0x0000000008008258       0x40 e:/stm32cubeide_1.8.0/stm32cubeide/plugins/com.st.stm32cube.ide.mcu.externaltools.gnu-tools-for-stm32.10.3-2021.10.win32_1.0.0.202111181127/tools/bin/../lib/gcc/arm-none-eabi/10.3.1/../../../../arm-none-eabi/lib/thumb/v7e-m+fp/hard\libc_nano.a(lib_a-mprec.o)
                0x0000000008008258                __hi0bits
 .text.__lo0bits
                0x0000000008008298       0x5e e:/stm32cubeide_1.8.0/stm32cubeide/plugins/com.st.stm32cube.ide.mcu.externaltools.gnu-tools-for-stm32.10.3-2021.10.win32_1.0.0.202111181127/tools/bin/../lib/gcc/arm-none-eabi/10.3.1/../../../../arm-none-eabi/lib/thumb/v7e-m+fp/hard\libc_nano.a(lib_a-mprec.o)
                0x0000000008008298                __lo0bits
 *fill*         0x00000000080082f6        0x2 
 .text.__i2b    0x00000000080082f8       0x2c e:/stm32cubeide_1.8.0/stm32cubeide/plugins/com.st.stm32cube.ide.mcu.externaltools.gnu-tools-for-stm32.10.3-2021.10.win32_1.0.0.202111181127/tools/bin/../lib/gcc/arm-none-eabi/10.3.1/../../../../arm-none-eabi/lib/thumb/v7e-m+fp/hard\libc_nano.a(lib_a-mprec.o)
                0x00000000080082f8                __i2b
 .text.__multiply
                0x0000000008008324      0x154 e:/stm32cubeide_1.8.0/stm32cubeide/plugins/com.st.stm32cube.ide.mcu.externaltools.gnu-tools-for-stm32.10.3-2021.10.win32_1.0.0.202111181127/tools/bin/../lib/gcc/arm-none-eabi/10.3.1/../../../../arm-none-eabi/lib/thumb/v7e-m+fp/hard\libc_nano.a(lib_a-mprec.o)
                0x0000000008008324                __multiply
 .text.__pow5mult
                0x0000000008008478       0xb4 e:/stm32cubeide_1.8.0/stm32cubeide/plugins/com.st.stm32cube.ide.mcu.externaltools.gnu-tools-for-stm32.10.3-2021.10.win32_1.0.0.202111181127/tools/bin/../lib/gcc/arm-none-eabi/10.3.1/../../../../arm-none-eabi/lib/thumb/v7e-m+fp/hard\libc_nano.a(lib_a-mprec.o)
                0x0000000008008478                __pow5mult
 .text.__lshift
                0x000000000800852c       0xe0 e:/stm32cubeide_1.8.0/stm32cubeide/plugins/com.st.stm32cube.ide.mcu.externaltools.gnu-tools-for-stm32.10.3-2021.10.win32_1.0.0.202111181127/tools/bin/../lib/gcc/arm-none-eabi/10.3.1/../../../../arm-none-eabi/lib/thumb/v7e-m+fp/hard\libc_nano.a(lib_a-mprec.o)
                0x000000000800852c                __lshift
 .text.__mcmp   0x000000000800860c       0x38 e:/stm32cubeide_1.8.0/stm32cubeide/plugins/com.st.stm32cube.ide.mcu.externaltools.gnu-tools-for-stm32.10.3-2021.10.win32_1.0.0.202111181127/tools/bin/../lib/gcc/arm-none-eabi/10.3.1/../../../../arm-none-eabi/lib/thumb/v7e-m+fp/hard\libc_nano.a(lib_a-mprec.o)
                0x000000000800860c                __mcmp
 .text.__mdiff  0x0000000008008644      0x114 e:/stm32cubeide_1.8.0/stm32cubeide/plugins/com.st.stm32cube.ide.mcu.externaltools.gnu-tools-for-stm32.10.3-2021.10.win32_1.0.0.202111181127/tools/bin/../lib/gcc/arm-none-eabi/10.3.1/../../../../arm-none-eabi/lib/thumb/v7e-m+fp/hard\libc_nano.a(lib_a-mprec.o)
                0x0000000008008644                __mdiff
 .text.__d2b    0x0000000008008758       0xb8 e:/stm32cubeide_1.8.0/stm32cubeide/plugins/com.st.stm32cube.ide.mcu.externaltools.gnu-tools-for-stm32.10.3-2021.10.win32_1.0.0.202111181127/tools/bin/../lib/gcc/arm-none-eabi/10.3.1/../../../../arm-none-eabi/lib/thumb/v7e-m+fp/hard\libc_nano.a(lib_a-mprec.o)
                0x0000000008008758                __d2b
 .text._calloc_r
                0x0000000008008810       0x2c e:/stm32cubeide_1.8.0/stm32cubeide/plugins/com.st.stm32cube.ide.mcu.externaltools.gnu-tools-for-stm32.10.3-2021.10.win32_1.0.0.202111181127/tools/bin/../lib/gcc/arm-none-eabi/10.3.1/../../../../arm-none-eabi/lib/thumb/v7e-m+fp/hard\libc_nano.a(lib_a-nano-callocr.o)
                0x0000000008008810                _calloc_r
 .text._realloc_r
                0x000000000800883c       0x5e e:/stm32cubeide_1.8.0/stm32cubeide/plugins/com.st.stm32cube.ide.mcu.externaltools.gnu-tools-for-stm32.10.3-2021.10.win32_1.0.0.202111181127/tools/bin/../lib/gcc/arm-none-eabi/10.3.1/../../../../arm-none-eabi/lib/thumb/v7e-m+fp/hard\libc_nano.a(lib_a-nano-reallocr.o)
                0x000000000800883c                _realloc_r
 .text.__ssputs_r
                0x000000000800889a       0xb6 e:/stm32cubeide_1.8.0/stm32cubeide/plugins/com.st.stm32cube.ide.mcu.externaltools.gnu-tools-for-stm32.10.3-2021.10.win32_1.0.0.202111181127/tools/bin/../lib/gcc/arm-none-eabi/10.3.1/../../../../arm-none-eabi/lib/thumb/v7e-m+fp/hard\libc_nano.a(lib_a-nano-svfprintf.o)
                0x000000000800889a                __ssputs_r
 .text._svfprintf_r
                0x0000000008008950      0x200 e:/stm32cubeide_1.8.0/stm32cubeide/plugins/com.st.stm32cube.ide.mcu.externaltools.gnu-tools-for-stm32.10.3-2021.10.win32_1.0.0.202111181127/tools/bin/../lib/gcc/arm-none-eabi/10.3.1/../../../../arm-none-eabi/lib/thumb/v7e-m+fp/hard\libc_nano.a(lib_a-nano-svfprintf.o)
                0x0000000008008950                _svfiprintf_r
                0x0000000008008950                _svfprintf_r
 .text.__sfputc_r
                0x0000000008008b50       0x2e e:/stm32cubeide_1.8.0/stm32cubeide/plugins/com.st.stm32cube.ide.mcu.externaltools.gnu-tools-for-stm32.10.3-2021.10.win32_1.0.0.202111181127/tools/bin/../lib/gcc/arm-none-eabi/10.3.1/../../../../arm-none-eabi/lib/thumb/v7e-m+fp/hard\libc_nano.a(lib_a-nano-vfprintf.o)
 .text.__sfputs_r
                0x0000000008008b7e       0x24 e:/stm32cubeide_1.8.0/stm32cubeide/plugins/com.st.stm32cube.ide.mcu.externaltools.gnu-tools-for-stm32.10.3-2021.10.win32_1.0.0.202111181127/tools/bin/../lib/gcc/arm-none-eabi/10.3.1/../../../../arm-none-eabi/lib/thumb/v7e-m+fp/hard\libc_nano.a(lib_a-nano-vfprintf.o)
                0x0000000008008b7e                __sfputs_r
 *fill*         0x0000000008008ba2        0x2 
 .text._vfprintf_r
                0x0000000008008ba4      0x260 e:/stm32cubeide_1.8.0/stm32cubeide/plugins/com.st.stm32cube.ide.mcu.externaltools.gnu-tools-for-stm32.10.3-2021.10.win32_1.0.0.202111181127/tools/bin/../lib/gcc/arm-none-eabi/10.3.1/../../../../arm-none-eabi/lib/thumb/v7e-m+fp/hard\libc_nano.a(lib_a-nano-vfprintf.o)
                0x0000000008008ba4                _vfprintf_r
                0x0000000008008ba4                _vfiprintf_r
 .text.__sread  0x0000000008008e04       0x22 e:/stm32cubeide_1.8.0/stm32cubeide/plugins/com.st.stm32cube.ide.mcu.externaltools.gnu-tools-for-stm32.10.3-2021.10.win32_1.0.0.202111181127/tools/bin/../lib/gcc/arm-none-eabi/10.3.1/../../../../arm-none-eabi/lib/thumb/v7e-m+fp/hard\libc_nano.a(lib_a-stdio.o)
                0x0000000008008e04                __sread
 .text.__swrite
                0x0000000008008e26       0x38 e:/stm32cubeide_1.8.0/stm32cubeide/plugins/com.st.stm32cube.ide.mcu.externaltools.gnu-tools-for-stm32.10.3-2021.10.win32_1.0.0.202111181127/tools/bin/../lib/gcc/arm-none-eabi/10.3.1/../../../../arm-none-eabi/lib/thumb/v7e-m+fp/hard\libc_nano.a(lib_a-stdio.o)
                0x0000000008008e26                __swrite
 .text.__sseek  0x0000000008008e5e       0x24 e:/stm32cubeide_1.8.0/stm32cubeide/plugins/com.st.stm32cube.ide.mcu.externaltools.gnu-tools-for-stm32.10.3-2021.10.win32_1.0.0.202111181127/tools/bin/../lib/gcc/arm-none-eabi/10.3.1/../../../../arm-none-eabi/lib/thumb/v7e-m+fp/hard\libc_nano.a(lib_a-stdio.o)
                0x0000000008008e5e                __sseek
 .text.__sclose
                0x0000000008008e82        0x8 e:/stm32cubeide_1.8.0/stm32cubeide/plugins/com.st.stm32cube.ide.mcu.externaltools.gnu-tools-for-stm32.10.3-2021.10.win32_1.0.0.202111181127/tools/bin/../lib/gcc/arm-none-eabi/10.3.1/../../../../arm-none-eabi/lib/thumb/v7e-m+fp/hard\libc_nano.a(lib_a-stdio.o)
                0x0000000008008e82                __sclose
 *fill*         0x0000000008008e8a        0x2 
 .text.__swbuf_r
                0x0000000008008e8c       0xa4 e:/stm32cubeide_1.8.0/stm32cubeide/plugins/com.st.stm32cube.ide.mcu.externaltools.gnu-tools-for-stm32.10.3-2021.10.win32_1.0.0.202111181127/tools/bin/../lib/gcc/arm-none-eabi/10.3.1/../../../../arm-none-eabi/lib/thumb/v7e-m+fp/hard\libc_nano.a(lib_a-wbuf.o)
                0x0000000008008e8c                __swbuf_r
 .text._write_r
                0x0000000008008f30       0x24 e:/stm32cubeide_1.8.0/stm32cubeide/plugins/com.st.stm32cube.ide.mcu.externaltools.gnu-tools-for-stm32.10.3-2021.10.win32_1.0.0.202111181127/tools/bin/../lib/gcc/arm-none-eabi/10.3.1/../../../../arm-none-eabi/lib/thumb/v7e-m+fp/hard\libc_nano.a(lib_a-writer.o)
                0x0000000008008f30                _write_r
 .text.__swsetup_r
                0x0000000008008f54       0xdc e:/stm32cubeide_1.8.0/stm32cubeide/plugins/com.st.stm32cube.ide.mcu.externaltools.gnu-tools-for-stm32.10.3-2021.10.win32_1.0.0.202111181127/tools/bin/../lib/gcc/arm-none-eabi/10.3.1/../../../../arm-none-eabi/lib/thumb/v7e-m+fp/hard\libc_nano.a(lib_a-wsetup.o)
                0x0000000008008f54                __swsetup_r
 .text.__assert_func
                0x0000000008009030       0x3c e:/stm32cubeide_1.8.0/stm32cubeide/plugins/com.st.stm32cube.ide.mcu.externaltools.gnu-tools-for-stm32.10.3-2021.10.win32_1.0.0.202111181127/tools/bin/../lib/gcc/arm-none-eabi/10.3.1/../../../../arm-none-eabi/lib/thumb/v7e-m+fp/hard\libc_nano.a(lib_a-assert.o)
                0x0000000008009030                __assert_func
 .text._close_r
                0x000000000800906c       0x20 e:/stm32cubeide_1.8.0/stm32cubeide/plugins/com.st.stm32cube.ide.mcu.externaltools.gnu-tools-for-stm32.10.3-2021.10.win32_1.0.0.202111181127/tools/bin/../lib/gcc/arm-none-eabi/10.3.1/../../../../arm-none-eabi/lib/thumb/v7e-m+fp/hard\libc_nano.a(lib_a-closer.o)
                0x000000000800906c                _close_r
 .text.__sflush_r
                0x000000000800908c      0x10c e:/stm32cubeide_1.8.0/stm32cubeide/plugins/com.st.stm32cube.ide.mcu.externaltools.gnu-tools-for-stm32.10.3-2021.10.win32_1.0.0.202111181127/tools/bin/../lib/gcc/arm-none-eabi/10.3.1/../../../../arm-none-eabi/lib/thumb/v7e-m+fp/hard\libc_nano.a(lib_a-fflush.o)
                0x000000000800908c                __sflush_r
 .text._fflush_r
                0x0000000008009198       0x78 e:/stm32cubeide_1.8.0/stm32cubeide/plugins/com.st.stm32cube.ide.mcu.externaltools.gnu-tools-for-stm32.10.3-2021.10.win32_1.0.0.202111181127/tools/bin/../lib/gcc/arm-none-eabi/10.3.1/../../../../arm-none-eabi/lib/thumb/v7e-m+fp/hard\libc_nano.a(lib_a-fflush.o)
                0x0000000008009198                _fflush_r
 .text.fprintf  0x0000000008009210       0x24 e:/stm32cubeide_1.8.0/stm32cubeide/plugins/com.st.stm32cube.ide.mcu.externaltools.gnu-tools-for-stm32.10.3-2021.10.win32_1.0.0.202111181127/tools/bin/../lib/gcc/arm-none-eabi/10.3.1/../../../../arm-none-eabi/lib/thumb/v7e-m+fp/hard\libc_nano.a(lib_a-fprintf.o)
                0x0000000008009210                fiprintf
                0x0000000008009210                fprintf
 .text._lseek_r
                0x0000000008009234       0x24 e:/stm32cubeide_1.8.0/stm32cubeide/plugins/com.st.stm32cube.ide.mcu.externaltools.gnu-tools-for-stm32.10.3-2021.10.win32_1.0.0.202111181127/tools/bin/../lib/gcc/arm-none-eabi/10.3.1/../../../../arm-none-eabi/lib/thumb/v7e-m+fp/hard\libc_nano.a(lib_a-lseekr.o)
                0x0000000008009234                _lseek_r
 .text.__swhatbuf_r
                0x0000000008009258       0x4a e:/stm32cubeide_1.8.0/stm32cubeide/plugins/com.st.stm32cube.ide.mcu.externaltools.gnu-tools-for-stm32.10.3-2021.10.win32_1.0.0.202111181127/tools/bin/../lib/gcc/arm-none-eabi/10.3.1/../../../../arm-none-eabi/lib/thumb/v7e-m+fp/hard\libc_nano.a(lib_a-makebuf.o)
                0x0000000008009258                __swhatbuf_r
 *fill*         0x00000000080092a2        0x2 
 .text.__smakebuf_r
                0x00000000080092a4       0x80 e:/stm32cubeide_1.8.0/stm32cubeide/plugins/com.st.stm32cube.ide.mcu.externaltools.gnu-tools-for-stm32.10.3-2021.10.win32_1.0.0.202111181127/tools/bin/../lib/gcc/arm-none-eabi/10.3.1/../../../../arm-none-eabi/lib/thumb/v7e-m+fp/hard\libc_nano.a(lib_a-makebuf.o)
                0x00000000080092a4                __smakebuf_r
 .text.__ascii_mbtowc
                0x0000000008009324       0x24 e:/stm32cubeide_1.8.0/stm32cubeide/plugins/com.st.stm32cube.ide.mcu.externaltools.gnu-tools-for-stm32.10.3-2021.10.win32_1.0.0.202111181127/tools/bin/../lib/gcc/arm-none-eabi/10.3.1/../../../../arm-none-eabi/lib/thumb/v7e-m+fp/hard\libc_nano.a(lib_a-mbtowc_r.o)
                0x0000000008009324                __ascii_mbtowc
 .text.memmove  0x0000000008009348       0x34 e:/stm32cubeide_1.8.0/stm32cubeide/plugins/com.st.stm32cube.ide.mcu.externaltools.gnu-tools-for-stm32.10.3-2021.10.win32_1.0.0.202111181127/tools/bin/../lib/gcc/arm-none-eabi/10.3.1/../../../../arm-none-eabi/lib/thumb/v7e-m+fp/hard\libc_nano.a(lib_a-memmove.o)
                0x0000000008009348                memmove
 .text._malloc_usable_size_r
                0x000000000800937c       0x10 e:/stm32cubeide_1.8.0/stm32cubeide/plugins/com.st.stm32cube.ide.mcu.externaltools.gnu-tools-for-stm32.10.3-2021.10.win32_1.0.0.202111181127/tools/bin/../lib/gcc/arm-none-eabi/10.3.1/../../../../arm-none-eabi/lib/thumb/v7e-m+fp/hard\libc_nano.a(lib_a-nano-msizer.o)
                0x000000000800937c                _malloc_usable_size_r
 .text._read_r  0x000000000800938c       0x24 e:/stm32cubeide_1.8.0/stm32cubeide/plugins/com.st.stm32cube.ide.mcu.externaltools.gnu-tools-for-stm32.10.3-2021.10.win32_1.0.0.202111181127/tools/bin/../lib/gcc/arm-none-eabi/10.3.1/../../../../arm-none-eabi/lib/thumb/v7e-m+fp/hard\libc_nano.a(lib_a-readr.o)
                0x000000000800938c                _read_r
 .text.__ascii_wctomb
                0x00000000080093b0       0x1a e:/stm32cubeide_1.8.0/stm32cubeide/plugins/com.st.stm32cube.ide.mcu.externaltools.gnu-tools-for-stm32.10.3-2021.10.win32_1.0.0.202111181127/tools/bin/../lib/gcc/arm-none-eabi/10.3.1/../../../../arm-none-eabi/lib/thumb/v7e-m+fp/hard\libc_nano.a(lib_a-wctomb_r.o)
                0x00000000080093b0                __ascii_wctomb
 .text.abort    0x00000000080093ca        0xe e:/stm32cubeide_1.8.0/stm32cubeide/plugins/com.st.stm32cube.ide.mcu.externaltools.gnu-tools-for-stm32.10.3-2021.10.win32_1.0.0.202111181127/tools/bin/../lib/gcc/arm-none-eabi/10.3.1/../../../../arm-none-eabi/lib/thumb/v7e-m+fp/hard\libc_nano.a(lib_a-abort.o)
                0x00000000080093ca                abort
 .text._fstat_r
                0x00000000080093d8       0x24 e:/stm32cubeide_1.8.0/stm32cubeide/plugins/com.st.stm32cube.ide.mcu.externaltools.gnu-tools-for-stm32.10.3-2021.10.win32_1.0.0.202111181127/tools/bin/../lib/gcc/arm-none-eabi/10.3.1/../../../../arm-none-eabi/lib/thumb/v7e-m+fp/hard\libc_nano.a(lib_a-fstatr.o)
                0x00000000080093d8                _fstat_r
 .text._isatty_r
                0x00000000080093fc       0x20 e:/stm32cubeide_1.8.0/stm32cubeide/plugins/com.st.stm32cube.ide.mcu.externaltools.gnu-tools-for-stm32.10.3-2021.10.win32_1.0.0.202111181127/tools/bin/../lib/gcc/arm-none-eabi/10.3.1/../../../../arm-none-eabi/lib/thumb/v7e-m+fp/hard\libc_nano.a(lib_a-isattyr.o)
                0x00000000080093fc                _isatty_r
 .text._raise_r
                0x000000000800941c       0x50 e:/stm32cubeide_1.8.0/stm32cubeide/plugins/com.st.stm32cube.ide.mcu.externaltools.gnu-tools-for-stm32.10.3-2021.10.win32_1.0.0.202111181127/tools/bin/../lib/gcc/arm-none-eabi/10.3.1/../../../../arm-none-eabi/lib/thumb/v7e-m+fp/hard\libc_nano.a(lib_a-signal.o)
                0x000000000800941c                _raise_r
 .text.raise    0x000000000800946c       0x10 e:/stm32cubeide_1.8.0/stm32cubeide/plugins/com.st.stm32cube.ide.mcu.externaltools.gnu-tools-for-stm32.10.3-2021.10.win32_1.0.0.202111181127/tools/bin/../lib/gcc/arm-none-eabi/10.3.1/../../../../arm-none-eabi/lib/thumb/v7e-m+fp/hard\libc_nano.a(lib_a-signal.o)
                0x000000000800946c                raise
 .text._kill_r  0x000000000800947c       0x24 e:/stm32cubeide_1.8.0/stm32cubeide/plugins/com.st.stm32cube.ide.mcu.externaltools.gnu-tools-for-stm32.10.3-2021.10.win32_1.0.0.202111181127/tools/bin/../lib/gcc/arm-none-eabi/10.3.1/../../../../arm-none-eabi/lib/thumb/v7e-m+fp/hard\libc_nano.a(lib_a-signalr.o)
                0x000000000800947c                _kill_r
 .text._getpid_r
                0x00000000080094a0        0x4 e:/stm32cubeide_1.8.0/stm32cubeide/plugins/com.st.stm32cube.ide.mcu.externaltools.gnu-tools-for-stm32.10.3-2021.10.win32_1.0.0.202111181127/tools/bin/../lib/gcc/arm-none-eabi/10.3.1/../../../../arm-none-eabi/lib/thumb/v7e-m+fp/hard\libc_nano.a(lib_a-signalr.o)
                0x00000000080094a0                _getpid_r
 .text.expf     0x00000000080094a4       0x6c e:/stm32cubeide_1.8.0/stm32cubeide/plugins/com.st.stm32cube.ide.mcu.externaltools.gnu-tools-for-stm32.10.3-2021.10.win32_1.0.0.202111181127/tools/bin/../lib/gcc/arm-none-eabi/10.3.1/../../../../arm-none-eabi/lib/thumb/v7e-m+fp/hard\libm.a(lib_a-wf_exp.o)
                0x00000000080094a4                expf
 .text.__ieee754_expf
                0x0000000008009510      0x19c e:/stm32cubeide_1.8.0/stm32cubeide/plugins/com.st.stm32cube.ide.mcu.externaltools.gnu-tools-for-stm32.10.3-2021.10.win32_1.0.0.202111181127/tools/bin/../lib/gcc/arm-none-eabi/10.3.1/../../../../arm-none-eabi/lib/thumb/v7e-m+fp/hard\libm.a(lib_a-ef_exp.o)
                0x0000000008009510                __ieee754_expf
 .text.with_errnof
                0x00000000080096ac       0x16 e:/stm32cubeide_1.8.0/stm32cubeide/plugins/com.st.stm32cube.ide.mcu.externaltools.gnu-tools-for-stm32.10.3-2021.10.win32_1.0.0.202111181127/tools/bin/../lib/gcc/arm-none-eabi/10.3.1/../../../../arm-none-eabi/lib/thumb/v7e-m+fp/hard\libm.a(lib_a-math_errf.o)
 .text.xflowf   0x00000000080096c2       0x16 e:/stm32cubeide_1.8.0/stm32cubeide/plugins/com.st.stm32cube.ide.mcu.externaltools.gnu-tools-for-stm32.10.3-2021.10.win32_1.0.0.202111181127/tools/bin/../lib/gcc/arm-none-eabi/10.3.1/../../../../arm-none-eabi/lib/thumb/v7e-m+fp/hard\libm.a(lib_a-math_errf.o)
 .text.__math_uflowf
                0x00000000080096d8        0xc e:/stm32cubeide_1.8.0/stm32cubeide/plugins/com.st.stm32cube.ide.mcu.externaltools.gnu-tools-for-stm32.10.3-2021.10.win32_1.0.0.202111181127/tools/bin/../lib/gcc/arm-none-eabi/10.3.1/../../../../arm-none-eabi/lib/thumb/v7e-m+fp/hard\libm.a(lib_a-math_errf.o)
                0x00000000080096d8                __math_uflowf
 .text.__math_oflowf
                0x00000000080096e4        0xc e:/stm32cubeide_1.8.0/stm32cubeide/plugins/com.st.stm32cube.ide.mcu.externaltools.gnu-tools-for-stm32.10.3-2021.10.win32_1.0.0.202111181127/tools/bin/../lib/gcc/arm-none-eabi/10.3.1/../../../../arm-none-eabi/lib/thumb/v7e-m+fp/hard\libm.a(lib_a-math_errf.o)
                0x00000000080096e4                __math_oflowf
 .text.finitef  0x00000000080096f0       0x1a e:/stm32cubeide_1.8.0/stm32cubeide/plugins/com.st.stm32cube.ide.mcu.externaltools.gnu-tools-for-stm32.10.3-2021.10.win32_1.0.0.202111181127/tools/bin/../lib/gcc/arm-none-eabi/10.3.1/../../../../arm-none-eabi/lib/thumb/v7e-m+fp/hard\libm.a(lib_a-sf_finite.o)
                0x00000000080096f0                finitef
 *fill*         0x000000000800970a        0x2 
 .text._close   0x000000000800970c       0x10 e:/stm32cubeide_1.8.0/stm32cubeide/plugins/com.st.stm32cube.ide.mcu.externaltools.gnu-tools-for-stm32.10.3-2021.10.win32_1.0.0.202111181127/tools/bin/../lib/gcc/arm-none-eabi/10.3.1/../../../../arm-none-eabi/lib/thumb/v7e-m+fp/hard\libnosys.a(close.o)
                0x000000000800970c                _close
 .text._fstat   0x000000000800971c       0x10 e:/stm32cubeide_1.8.0/stm32cubeide/plugins/com.st.stm32cube.ide.mcu.externaltools.gnu-tools-for-stm32.10.3-2021.10.win32_1.0.0.202111181127/tools/bin/../lib/gcc/arm-none-eabi/10.3.1/../../../../arm-none-eabi/lib/thumb/v7e-m+fp/hard\libnosys.a(fstat.o)
                0x000000000800971c                _fstat
 .text._getpid  0x000000000800972c       0x10 e:/stm32cubeide_1.8.0/stm32cubeide/plugins/com.st.stm32cube.ide.mcu.externaltools.gnu-tools-for-stm32.10.3-2021.10.win32_1.0.0.202111181127/tools/bin/../lib/gcc/arm-none-eabi/10.3.1/../../../../arm-none-eabi/lib/thumb/v7e-m+fp/hard\libnosys.a(getpid.o)
                0x000000000800972c                _getpid
 .text._isatty  0x000000000800973c       0x10 e:/stm32cubeide_1.8.0/stm32cubeide/plugins/com.st.stm32cube.ide.mcu.externaltools.gnu-tools-for-stm32.10.3-2021.10.win32_1.0.0.202111181127/tools/bin/../lib/gcc/arm-none-eabi/10.3.1/../../../../arm-none-eabi/lib/thumb/v7e-m+fp/hard\libnosys.a(isatty.o)
                0x000000000800973c                _isatty
 .text._kill    0x000000000800974c       0x10 e:/stm32cubeide_1.8.0/stm32cubeide/plugins/com.st.stm32cube.ide.mcu.externaltools.gnu-tools-for-stm32.10.3-2021.10.win32_1.0.0.202111181127/tools/bin/../lib/gcc/arm-none-eabi/10.3.1/../../../../arm-none-eabi/lib/thumb/v7e-m+fp/hard\libnosys.a(kill.o)
                0x000000000800974c                _kill
 .text._lseek   0x000000000800975c       0x10 e:/stm32cubeide_1.8.0/stm32cubeide/plugins/com.st.stm32cube.ide.mcu.externaltools.gnu-tools-for-stm32.10.3-2021.10.win32_1.0.0.202111181127/tools/bin/../lib/gcc/arm-none-eabi/10.3.1/../../../../arm-none-eabi/lib/thumb/v7e-m+fp/hard\libnosys.a(lseek.o)
                0x000000000800975c                _lseek
 .text._read    0x000000000800976c       0x10 e:/stm32cubeide_1.8.0/stm32cubeide/plugins/com.st.stm32cube.ide.mcu.externaltools.gnu-tools-for-stm32.10.3-2021.10.win32_1.0.0.202111181127/tools/bin/../lib/gcc/arm-none-eabi/10.3.1/../../../../arm-none-eabi/lib/thumb/v7e-m+fp/hard\libnosys.a(read.o)
                0x000000000800976c                _read
 .text._write   0x000000000800977c       0x10 e:/stm32cubeide_1.8.0/stm32cubeide/plugins/com.st.stm32cube.ide.mcu.externaltools.gnu-tools-for-stm32.10.3-2021.10.win32_1.0.0.202111181127/tools/bin/../lib/gcc/arm-none-eabi/10.3.1/../../../../arm-none-eabi/lib/thumb/v7e-m+fp/hard\libnosys.a(write.o)
                0x000000000800977c                _write
 .text._exit    0x000000000800978c        0x2 e:/stm32cubeide_1.8.0/stm32cubeide/plugins/com.st.stm32cube.ide.mcu.externaltools.gnu-tools-for-stm32.10.3-2021.10.win32_1.0.0.202111181127/tools/bin/../lib/gcc/arm-none-eabi/10.3.1/../../../../arm-none-eabi/lib/thumb/v7e-m+fp/hard\libnosys.a(_exit.o)
                0x000000000800978c                _exit
 *(.glue_7)
 .glue_7        0x000000000800978e        0x0 linker stubs
 *(.glue_7t)
 .glue_7t       0x000000000800978e        0x0 linker stubs
 *(.eh_frame)
 *fill*         0x000000000800978e        0x2 
 .eh_frame      0x0000000008009790        0x0 e:/stm32cubeide_1.8.0/stm32cubeide/plugins/com.st.stm32cube.ide.mcu.externaltools.gnu-tools-for-stm32.10.3-2021.10.win32_1.0.0.202111181127/tools/bin/../lib/gcc/arm-none-eabi/10.3.1/thumb/v7e-m+fp/hard/crtbegin.o
 *(.init)
 .init          0x0000000008009790        0x4 e:/stm32cubeide_1.8.0/stm32cubeide/plugins/com.st.stm32cube.ide.mcu.externaltools.gnu-tools-for-stm32.10.3-2021.10.win32_1.0.0.202111181127/tools/bin/../lib/gcc/arm-none-eabi/10.3.1/thumb/v7e-m+fp/hard/crti.o
                0x0000000008009790                _init
 .init          0x0000000008009794        0x8 e:/stm32cubeide_1.8.0/stm32cubeide/plugins/com.st.stm32cube.ide.mcu.externaltools.gnu-tools-for-stm32.10.3-2021.10.win32_1.0.0.202111181127/tools/bin/../lib/gcc/arm-none-eabi/10.3.1/thumb/v7e-m+fp/hard/crtn.o
 *(.fini)
 .fini          0x000000000800979c        0x4 e:/stm32cubeide_1.8.0/stm32cubeide/plugins/com.st.stm32cube.ide.mcu.externaltools.gnu-tools-for-stm32.10.3-2021.10.win32_1.0.0.202111181127/tools/bin/../lib/gcc/arm-none-eabi/10.3.1/thumb/v7e-m+fp/hard/crti.o
                0x000000000800979c                _fini
 .fini          0x00000000080097a0        0x8 e:/stm32cubeide_1.8.0/stm32cubeide/plugins/com.st.stm32cube.ide.mcu.externaltools.gnu-tools-for-stm32.10.3-2021.10.win32_1.0.0.202111181127/tools/bin/../lib/gcc/arm-none-eabi/10.3.1/thumb/v7e-m+fp/hard/crtn.o
                0x00000000080097a8                . = ALIGN (0x4)
                0x00000000080097a8                _etext = .

.vfp11_veneer   0x00000000080097a8        0x0
 .vfp11_veneer  0x00000000080097a8        0x0 linker stubs

.v4_bx          0x00000000080097a8        0x0
 .v4_bx         0x00000000080097a8        0x0 linker stubs

.iplt           0x00000000080097a8        0x0
 .iplt          0x00000000080097a8        0x0 e:/stm32cubeide_1.8.0/stm32cubeide/plugins/com.st.stm32cube.ide.mcu.externaltools.gnu-tools-for-stm32.10.3-2021.10.win32_1.0.0.202111181127/tools/bin/../lib/gcc/arm-none-eabi/10.3.1/thumb/v7e-m+fp/hard/crtbegin.o

.rodata         0x00000000080097c0    0x317cc
                0x00000000080097c0                . = ALIGN (0x4)
 *(.rodata)
 .rodata        0x00000000080097c0       0x18 ./X-CUBE-AI/App/app_x-cube-ai.o
 .rodata        0x00000000080097d8       0x10 ./X-CUBE-AI/App/network_har_data.o
 .rodata        0x00000000080097e8        0x4 ../Middlewares/ST/AI/Lib\NetworkRuntime710_CM4_GCC.a(layers.o)
 *(.rodata*)
 .rodata.AHBPrescTable
                0x00000000080097ec       0x10 ./Core/Src/system_stm32f4xx.o
                0x00000000080097ec                AHBPrescTable
 .rodata.APBPrescTable
                0x00000000080097fc        0x8 ./Core/Src/system_stm32f4xx.o
                0x00000000080097fc                APBPrescTable
 .rodata.str1.1
                0x0000000008009804       0x35 ./X-CUBE-AI/App/app_x-cube-ai.o
 .rodata.post_process.str1.1
                0x0000000008009839       0x3a ./X-CUBE-AI/App/app_x-cube-ai.o
                                         0x60 (size before relaxing)
 .rodata.HAL_TIM_PeriodElapsedCallback.str1.1
                0x0000000008009873       0x16 ./X-CUBE-AI/App/app_x-cube-ai.o
 .rodata.MX_X_CUBE_AI_Init.str1.1
                0x0000000008009889       0x51 ./X-CUBE-AI/App/app_x-cube-ai.o
 .rodata.MX_X_CUBE_AI_Process.str1.1
                0x00000000080098da       0x13 ./X-CUBE-AI/App/app_x-cube-ai.o
 *fill*         0x00000000080098ed        0x3 
 .rodata.conv2d_conv2d_chain
                0x00000000080098f0        0x8 ./X-CUBE-AI/App/network_har.o
 .rodata.dense_1_chain
                0x00000000080098f8        0x8 ./X-CUBE-AI/App/network_har.o
 .rodata.dense_1_dense_chain
                0x0000000008009900        0x8 ./X-CUBE-AI/App/network_har.o
 .rodata.dense_2_chain
                0x0000000008009908        0x8 ./X-CUBE-AI/App/network_har.o
 .rodata.dense_2_dense_chain
                0x0000000008009910        0x8 ./X-CUBE-AI/App/network_har.o
 .rodata.dense_chain
                0x0000000008009918        0x8 ./X-CUBE-AI/App/network_har.o
 .rodata.dense_dense_chain
                0x0000000008009920        0x8 ./X-CUBE-AI/App/network_har.o
 *fill*         0x0000000008009928       0x18 
 .rodata.s_network_har_network_har_weights_array_u64
                0x0000000008009940    0x31258 ./X-CUBE-AI/App/network_har_data.o
                0x0000000008009940                s_network_har_network_har_weights_array_u64
 .rodata._global_impure_ptr
                0x000000000803ab98        0x4 e:/stm32cubeide_1.8.0/stm32cubeide/plugins/com.st.stm32cube.ide.mcu.externaltools.gnu-tools-for-stm32.10.3-2021.10.win32_1.0.0.202111181127/tools/bin/../lib/gcc/arm-none-eabi/10.3.1/../../../../arm-none-eabi/lib/thumb/v7e-m+fp/hard\libc_nano.a(lib_a-impure.o)
                0x000000000803ab98                _global_impure_ptr
 .rodata._printf_float.str1.1
                0x000000000803ab9c       0x12 e:/stm32cubeide_1.8.0/stm32cubeide/plugins/com.st.stm32cube.ide.mcu.externaltools.gnu-tools-for-stm32.10.3-2021.10.win32_1.0.0.202111181127/tools/bin/../lib/gcc/arm-none-eabi/10.3.1/../../../../arm-none-eabi/lib/thumb/v7e-m+fp/hard\libc_nano.a(lib_a-nano-vfprintf_float.o)
 .rodata._printf_i.str1.1
                0x000000000803abae       0x22 e:/stm32cubeide_1.8.0/stm32cubeide/plugins/com.st.stm32cube.ide.mcu.externaltools.gnu-tools-for-stm32.10.3-2021.10.win32_1.0.0.202111181127/tools/bin/../lib/gcc/arm-none-eabi/10.3.1/../../../../arm-none-eabi/lib/thumb/v7e-m+fp/hard\libc_nano.a(lib_a-nano-vfprintf_i.o)
 .rodata._dtoa_r.str1.1
                0x000000000803abd0       0x90 e:/stm32cubeide_1.8.0/stm32cubeide/plugins/com.st.stm32cube.ide.mcu.externaltools.gnu-tools-for-stm32.10.3-2021.10.win32_1.0.0.202111181127/tools/bin/../lib/gcc/arm-none-eabi/10.3.1/../../../../arm-none-eabi/lib/thumb/v7e-m+fp/hard\libc_nano.a(lib_a-dtoa.o)
                                         0x92 (size before relaxing)
 .rodata.__sf_fake_stderr
                0x000000000803ac60       0x20 e:/stm32cubeide_1.8.0/stm32cubeide/plugins/com.st.stm32cube.ide.mcu.externaltools.gnu-tools-for-stm32.10.3-2021.10.win32_1.0.0.202111181127/tools/bin/../lib/gcc/arm-none-eabi/10.3.1/../../../../arm-none-eabi/lib/thumb/v7e-m+fp/hard\libc_nano.a(lib_a-findfp.o)
                0x000000000803ac60                __sf_fake_stderr
 .rodata.__sf_fake_stdin
                0x000000000803ac80       0x20 e:/stm32cubeide_1.8.0/stm32cubeide/plugins/com.st.stm32cube.ide.mcu.externaltools.gnu-tools-for-stm32.10.3-2021.10.win32_1.0.0.202111181127/tools/bin/../lib/gcc/arm-none-eabi/10.3.1/../../../../arm-none-eabi/lib/thumb/v7e-m+fp/hard\libc_nano.a(lib_a-findfp.o)
                0x000000000803ac80                __sf_fake_stdin
 .rodata.__sf_fake_stdout
                0x000000000803aca0       0x20 e:/stm32cubeide_1.8.0/stm32cubeide/plugins/com.st.stm32cube.ide.mcu.externaltools.gnu-tools-for-stm32.10.3-2021.10.win32_1.0.0.202111181127/tools/bin/../lib/gcc/arm-none-eabi/10.3.1/../../../../arm-none-eabi/lib/thumb/v7e-m+fp/hard\libc_nano.a(lib_a-findfp.o)
                0x000000000803aca0                __sf_fake_stdout
 .rodata._Balloc.str1.1
                0x000000000803acc0       0x5c e:/stm32cubeide_1.8.0/stm32cubeide/plugins/com.st.stm32cube.ide.mcu.externaltools.gnu-tools-for-stm32.10.3-2021.10.win32_1.0.0.202111181127/tools/bin/../lib/gcc/arm-none-eabi/10.3.1/../../../../arm-none-eabi/lib/thumb/v7e-m+fp/hard\libc_nano.a(lib_a-mprec.o)
                                         0x73 (size before relaxing)
 .rodata.__multadd.str1.1
                0x000000000803ad1c       0x11 e:/stm32cubeide_1.8.0/stm32cubeide/plugins/com.st.stm32cube.ide.mcu.externaltools.gnu-tools-for-stm32.10.3-2021.10.win32_1.0.0.202111181127/tools/bin/../lib/gcc/arm-none-eabi/10.3.1/../../../../arm-none-eabi/lib/thumb/v7e-m+fp/hard\libc_nano.a(lib_a-mprec.o)
 *fill*         0x000000000803ad1c        0x4 
 .rodata.__mprec_bigtens
                0x000000000803ad20       0x28 e:/stm32cubeide_1.8.0/stm32cubeide/plugins/com.st.stm32cube.ide.mcu.externaltools.gnu-tools-for-stm32.10.3-2021.10.win32_1.0.0.202111181127/tools/bin/../lib/gcc/arm-none-eabi/10.3.1/../../../../arm-none-eabi/lib/thumb/v7e-m+fp/hard\libc_nano.a(lib_a-mprec.o)
                0x000000000803ad20                __mprec_bigtens
 .rodata.__mprec_tens
                0x000000000803ad48       0xc8 e:/stm32cubeide_1.8.0/stm32cubeide/plugins/com.st.stm32cube.ide.mcu.externaltools.gnu-tools-for-stm32.10.3-2021.10.win32_1.0.0.202111181127/tools/bin/../lib/gcc/arm-none-eabi/10.3.1/../../../../arm-none-eabi/lib/thumb/v7e-m+fp/hard\libc_nano.a(lib_a-mprec.o)
                0x000000000803ad48                __mprec_tens
 .rodata.p05.0  0x000000000803ae10        0xc e:/stm32cubeide_1.8.0/stm32cubeide/plugins/com.st.stm32cube.ide.mcu.externaltools.gnu-tools-for-stm32.10.3-2021.10.win32_1.0.0.202111181127/tools/bin/../lib/gcc/arm-none-eabi/10.3.1/../../../../arm-none-eabi/lib/thumb/v7e-m+fp/hard\libc_nano.a(lib_a-mprec.o)
 .rodata._svfprintf_r.str1.1
                0x000000000803ae1c       0x11 e:/stm32cubeide_1.8.0/stm32cubeide/plugins/com.st.stm32cube.ide.mcu.externaltools.gnu-tools-for-stm32.10.3-2021.10.win32_1.0.0.202111181127/tools/bin/../lib/gcc/arm-none-eabi/10.3.1/../../../../arm-none-eabi/lib/thumb/v7e-m+fp/hard\libc_nano.a(lib_a-nano-svfprintf.o)
 .rodata._vfprintf_r.str1.1
                0x000000000803ae2d       0x11 e:/stm32cubeide_1.8.0/stm32cubeide/plugins/com.st.stm32cube.ide.mcu.externaltools.gnu-tools-for-stm32.10.3-2021.10.win32_1.0.0.202111181127/tools/bin/../lib/gcc/arm-none-eabi/10.3.1/../../../../arm-none-eabi/lib/thumb/v7e-m+fp/hard\libc_nano.a(lib_a-nano-vfprintf.o)
 .rodata.__assert_func.str1.1
                0x000000000803ae2d       0x3c e:/stm32cubeide_1.8.0/stm32cubeide/plugins/com.st.stm32cube.ide.mcu.externaltools.gnu-tools-for-stm32.10.3-2021.10.win32_1.0.0.202111181127/tools/bin/../lib/gcc/arm-none-eabi/10.3.1/../../../../arm-none-eabi/lib/thumb/v7e-m+fp/hard\libc_nano.a(lib_a-assert.o)
                                         0x3d (size before relaxing)
 .rodata._setlocale_r.str1.1
                0x000000000803ae69        0x8 e:/stm32cubeide_1.8.0/stm32cubeide/plugins/com.st.stm32cube.ide.mcu.externaltools.gnu-tools-for-stm32.10.3-2021.10.win32_1.0.0.202111181127/tools/bin/../lib/gcc/arm-none-eabi/10.3.1/../../../../arm-none-eabi/lib/thumb/v7e-m+fp/hard\libc_nano.a(lib_a-locale.o)
                                          0x9 (size before relaxing)
 .rodata.str1.1
                0x000000000803ae71        0x2 e:/stm32cubeide_1.8.0/stm32cubeide/plugins/com.st.stm32cube.ide.mcu.externaltools.gnu-tools-for-stm32.10.3-2021.10.win32_1.0.0.202111181127/tools/bin/../lib/gcc/arm-none-eabi/10.3.1/../../../../arm-none-eabi/lib/thumb/v7e-m+fp/hard\libc_nano.a(lib_a-locale.o)
 .rodata._ctype_
                0x000000000803ae73      0x101 e:/stm32cubeide_1.8.0/stm32cubeide/plugins/com.st.stm32cube.ide.mcu.externaltools.gnu-tools-for-stm32.10.3-2021.10.win32_1.0.0.202111181127/tools/bin/../lib/gcc/arm-none-eabi/10.3.1/../../../../arm-none-eabi/lib/thumb/v7e-m+fp/hard\libc_nano.a(lib_a-ctype_.o)
                0x000000000803ae73                _ctype_
 .rodata.halF   0x000000000803af74        0x8 e:/stm32cubeide_1.8.0/stm32cubeide/plugins/com.st.stm32cube.ide.mcu.externaltools.gnu-tools-for-stm32.10.3-2021.10.win32_1.0.0.202111181127/tools/bin/../lib/gcc/arm-none-eabi/10.3.1/../../../../arm-none-eabi/lib/thumb/v7e-m+fp/hard\libm.a(lib_a-ef_exp.o)
 .rodata.ln2HI  0x000000000803af7c        0x8 e:/stm32cubeide_1.8.0/stm32cubeide/plugins/com.st.stm32cube.ide.mcu.externaltools.gnu-tools-for-stm32.10.3-2021.10.win32_1.0.0.202111181127/tools/bin/../lib/gcc/arm-none-eabi/10.3.1/../../../../arm-none-eabi/lib/thumb/v7e-m+fp/hard\libm.a(lib_a-ef_exp.o)
 .rodata.ln2LO  0x000000000803af84        0x8 e:/stm32cubeide_1.8.0/stm32cubeide/plugins/com.st.stm32cube.ide.mcu.externaltools.gnu-tools-for-stm32.10.3-2021.10.win32_1.0.0.202111181127/tools/bin/../lib/gcc/arm-none-eabi/10.3.1/../../../../arm-none-eabi/lib/thumb/v7e-m+fp/hard\libm.a(lib_a-ef_exp.o)
                0x000000000803af8c                . = ALIGN (0x4)

.ARM.extab      0x000000000803af8c        0x0
                0x000000000803af8c                . = ALIGN (0x4)
 *(.ARM.extab* .gnu.linkonce.armextab.*)
                0x000000000803af8c                . = ALIGN (0x4)

.ARM            0x000000000803af8c        0x8
                0x000000000803af8c                . = ALIGN (0x4)
                0x000000000803af8c                __exidx_start = .
 *(.ARM.exidx*)
 .ARM.exidx     0x000000000803af8c        0x8 e:/stm32cubeide_1.8.0/stm32cubeide/plugins/com.st.stm32cube.ide.mcu.externaltools.gnu-tools-for-stm32.10.3-2021.10.win32_1.0.0.202111181127/tools/bin/../lib/gcc/arm-none-eabi/10.3.1/thumb/v7e-m+fp/hard\libgcc.a(_udivmoddi4.o)
                0x000000000803af94                __exidx_end = .
                0x000000000803af94                . = ALIGN (0x4)

.rel.dyn        0x000000000803af94        0x0
 .rel.iplt      0x000000000803af94        0x0 e:/stm32cubeide_1.8.0/stm32cubeide/plugins/com.st.stm32cube.ide.mcu.externaltools.gnu-tools-for-stm32.10.3-2021.10.win32_1.0.0.202111181127/tools/bin/../lib/gcc/arm-none-eabi/10.3.1/thumb/v7e-m+fp/hard/crtbegin.o

.preinit_array  0x000000000803af94        0x0
                0x000000000803af94                . = ALIGN (0x4)
                0x000000000803af94                PROVIDE (__preinit_array_start = .)
 *(.preinit_array*)
                0x000000000803af94                PROVIDE (__preinit_array_end = .)
                0x000000000803af94                . = ALIGN (0x4)

.init_array     0x000000000803af94        0x4
                0x000000000803af94                . = ALIGN (0x4)
                0x000000000803af94                PROVIDE (__init_array_start = .)
 *(SORT_BY_NAME(.init_array.*))
 *(.init_array*)
 .init_array    0x000000000803af94        0x4 e:/stm32cubeide_1.8.0/stm32cubeide/plugins/com.st.stm32cube.ide.mcu.externaltools.gnu-tools-for-stm32.10.3-2021.10.win32_1.0.0.202111181127/tools/bin/../lib/gcc/arm-none-eabi/10.3.1/thumb/v7e-m+fp/hard/crtbegin.o
                0x000000000803af98                PROVIDE (__init_array_end = .)
                0x000000000803af98                . = ALIGN (0x4)

.fini_array     0x000000000803af98        0x4
                0x000000000803af98                . = ALIGN (0x4)
                [!provide]                        PROVIDE (__fini_array_start = .)
 *(SORT_BY_NAME(.fini_array.*))
 *(.fini_array*)
 .fini_array    0x000000000803af98        0x4 e:/stm32cubeide_1.8.0/stm32cubeide/plugins/com.st.stm32cube.ide.mcu.externaltools.gnu-tools-for-stm32.10.3-2021.10.win32_1.0.0.202111181127/tools/bin/../lib/gcc/arm-none-eabi/10.3.1/thumb/v7e-m+fp/hard/crtbegin.o
                [!provide]                        PROVIDE (__fini_array_end = .)
                0x000000000803af9c                . = ALIGN (0x4)
                0x000000000803af9c                _sidata = LOADADDR (.data)

.data           0x0000000020000000      0xb20 load address 0x000000000803af9c
                0x0000000020000000                . = ALIGN (0x4)
                0x0000000020000000                _sdata = .
 *(.data)
 *(.data*)
 .data.SystemCoreClock
                0x0000000020000000        0x4 ./Core/Src/system_stm32f4xx.o
                0x0000000020000000                SystemCoreClock
 .data.uwTickFreq
                0x0000000020000004        0x1 ./Drivers/STM32F4xx_HAL_Driver/Src/stm32f4xx_hal.o
                0x0000000020000004                uwTickFreq
 *fill*         0x0000000020000005        0x3 
 .data.uwTickPrio
                0x0000000020000008        0x4 ./Drivers/STM32F4xx_HAL_Driver/Src/stm32f4xx_hal.o
                0x0000000020000008                uwTickPrio
 .data.data_activations0
                0x000000002000000c        0x4 ./X-CUBE-AI/App/app_x-cube-ai.o
                0x000000002000000c                data_activations0
 .data.data_ins
                0x0000000020000010        0x4 ./X-CUBE-AI/App/app_x-cube-ai.o
                0x0000000020000010                data_ins
 .data.data_outs
                0x0000000020000014        0x4 ./X-CUBE-AI/App/app_x-cube-ai.o
                0x0000000020000014                data_outs
 .data.__compound_literal.0
                0x0000000020000018       0x10 ./X-CUBE-AI/App/network_har.o
 .data.__compound_literal.1
                0x0000000020000028       0x10 ./X-CUBE-AI/App/network_har.o
 .data.__compound_literal.10
                0x0000000020000038       0x10 ./X-CUBE-AI/App/network_har.o
 .data.__compound_literal.11
                0x0000000020000048       0x10 ./X-CUBE-AI/App/network_har.o
 .data.__compound_literal.12
                0x0000000020000058       0x10 ./X-CUBE-AI/App/network_har.o
 .data.__compound_literal.13
                0x0000000020000068       0x10 ./X-CUBE-AI/App/network_har.o
 .data.__compound_literal.14
                0x0000000020000078       0x10 ./X-CUBE-AI/App/network_har.o
 .data.__compound_literal.15
                0x0000000020000088       0x10 ./X-CUBE-AI/App/network_har.o
 .data.__compound_literal.16
                0x0000000020000098       0x10 ./X-CUBE-AI/App/network_har.o
 .data.__compound_literal.17
                0x00000000200000a8       0x10 ./X-CUBE-AI/App/network_har.o
 .data.__compound_literal.18
                0x00000000200000b8       0x10 ./X-CUBE-AI/App/network_har.o
 .data.__compound_literal.19
                0x00000000200000c8       0x10 ./X-CUBE-AI/App/network_har.o
 .data.__compound_literal.2
                0x00000000200000d8       0x10 ./X-CUBE-AI/App/network_har.o
 .data.__compound_literal.20
                0x00000000200000e8       0x10 ./X-CUBE-AI/App/network_har.o
 .data.__compound_literal.21
                0x00000000200000f8       0x10 ./X-CUBE-AI/App/network_har.o