../Drivers/STM32F4xx_HAL_Driver/Src/stm32f4xx_hal_uart.c:3318:13:UART_EndRxTransfer	0	static,ignoring_inline_asm
../Drivers/STM32F4xx_HAL_Driver/Src/stm32f4xx_hal_uart.c:3675:13:UART_SetConfig	16	static
../Drivers/STM32F4xx_HAL_Driver/Src/stm32f4xx_hal_uart.c:3174:26:UART_WaitOnFlagUntilTimeout.constprop	24	static,ignoring_inline_asm
../Drivers/STM32F4xx_HAL_Driver/Src/stm32f4xx_hal_uart.c:710:13:HAL_UART_MspInit	0	static
../Drivers/STM32F4xx_HAL_Driver/Src/stm32f4xx_hal_uart.c:357:19:HAL_UART_Init	8	static
../Drivers/STM32F4xx_HAL_Driver/Src/stm32f4xx_hal_uart.c:434:19:HAL_HalfDuplex_Init	8	static
../Drivers/STM32F4xx_HAL_Driver/Src/stm32f4xx_hal_uart.c:507:19:HAL_LIN_Init	16	static
../Drivers/STM32F4xx_HAL_Driver/Src/stm32f4xx_hal_uart.c:588:19:HAL_MultiProcessor_Init	16	static
../Drivers/STM32F4xx_HAL_Driver/Src/stm32f4xx_hal_uart.c:725:13:HAL_UART_MspDeInit	0	static
../Drivers/STM32F4xx_HAL_Driver/Src/stm32f4xx_hal_uart.c:665:19:HAL_UART_DeInit	8	static
../Drivers/STM32F4xx_HAL_Driver/Src/stm32f4xx_hal_uart.c:1136:19:HAL_UART_Transmit	32	static
../Drivers/STM32F4xx_HAL_Driver/Src/stm32f4xx_hal_uart.c:1224:19:HAL_UART_Receive	32	static
../Drivers/STM32F4xx_HAL_Driver/Src/stm32f4xx_hal_uart.c:1315:19:HAL_UART_Transmit_IT	0	static
../Drivers/STM32F4xx_HAL_Driver/Src/stm32f4xx_hal_uart.c:1395:19:HAL_UART_Transmit_DMA	16	static,ignoring_inline_asm
../Drivers/STM32F4xx_HAL_Driver/Src/stm32f4xx_hal_uart.c:1493:19:HAL_UART_DMAPause	0	static,ignoring_inline_asm
../Drivers/STM32F4xx_HAL_Driver/Src/stm32f4xx_hal_uart.c:1530:19:HAL_UART_DMAResume	8	static,ignoring_inline_asm
../Drivers/STM32F4xx_HAL_Driver/Src/stm32f4xx_hal_uart.c:1569:19:HAL_UART_DMAStop	8	static,ignoring_inline_asm
../Drivers/STM32F4xx_HAL_Driver/Src/stm32f4xx_hal_uart.c:1624:19:HAL_UARTEx_ReceiveToIdle	40	static
../Drivers/STM32F4xx_HAL_Driver/Src/stm32f4xx_hal_uart.c:1869:19:HAL_UART_Abort	8	static,ignoring_inline_asm
../Drivers/STM32F4xx_HAL_Driver/Src/stm32f4xx_hal_uart.c:1958:19:HAL_UART_AbortTransmit	8	static,ignoring_inline_asm
../Drivers/STM32F4xx_HAL_Driver/Src/stm32f4xx_hal_uart.c:2009:19:HAL_UART_AbortReceive	8	static,ignoring_inline_asm
../Drivers/STM32F4xx_HAL_Driver/Src/stm32f4xx_hal_uart.c:2592:13:HAL_UART_TxCpltCallback	0	static
../Drivers/STM32F4xx_HAL_Driver/Src/stm32f4xx_hal_uart.c:2986:13:UART_DMATransmitCplt	8	static,ignoring_inline_asm
../Drivers/STM32F4xx_HAL_Driver/Src/stm32f4xx_hal_uart.c:2607:13:HAL_UART_TxHalfCpltCallback	0	static
../Drivers/STM32F4xx_HAL_Driver/Src/stm32f4xx_hal_uart.c:3021:13:UART_DMATxHalfCplt	8	static
../Drivers/STM32F4xx_HAL_Driver/Src/stm32f4xx_hal_uart.c:2622:13:HAL_UART_RxCpltCallback	0	static
../Drivers/STM32F4xx_HAL_Driver/Src/stm32f4xx_hal_uart.c:2637:13:HAL_UART_RxHalfCpltCallback	0	static
../Drivers/STM32F4xx_HAL_Driver/Src/stm32f4xx_hal_uart.c:2652:13:HAL_UART_ErrorCallback	0	static
../Drivers/STM32F4xx_HAL_Driver/Src/stm32f4xx_hal_uart.c:3132:13:UART_DMAError	8	static,ignoring_inline_asm
../Drivers/STM32F4xx_HAL_Driver/Src/stm32f4xx_hal_uart.c:3342:13:UART_DMAAbortOnError	8	static
../Drivers/STM32F4xx_HAL_Driver/Src/stm32f4xx_hal_uart.c:2666:13:HAL_UART_AbortCpltCallback	0	static
../Drivers/STM32F4xx_HAL_Driver/Src/stm32f4xx_hal_uart.c:2070:19:HAL_UART_Abort_IT	16	static,ignoring_inline_asm
../Drivers/STM32F4xx_HAL_Driver/Src/stm32f4xx_hal_uart.c:3412:13:UART_DMARxAbortCallback	8	static
../Drivers/STM32F4xx_HAL_Driver/Src/stm32f4xx_hal_uart.c:3366:13:UART_DMATxAbortCallback	8	static
../Drivers/STM32F4xx_HAL_Driver/Src/stm32f4xx_hal_uart.c:2681:13:HAL_UART_AbortTransmitCpltCallback	0	static
../Drivers/STM32F4xx_HAL_Driver/Src/stm32f4xx_hal_uart.c:2205:19:HAL_UART_AbortTransmit_IT	8	static,ignoring_inline_asm
../Drivers/STM32F4xx_HAL_Driver/Src/stm32f4xx_hal_uart.c:3458:13:UART_DMATxOnlyAbortCallback	8	static
../Drivers/STM32F4xx_HAL_Driver/Src/stm32f4xx_hal_uart.c:2696:13:HAL_UART_AbortReceiveCpltCallback	0	static
../Drivers/STM32F4xx_HAL_Driver/Src/stm32f4xx_hal_uart.c:2282:19:HAL_UART_AbortReceive_IT	8	static,ignoring_inline_asm
../Drivers/STM32F4xx_HAL_Driver/Src/stm32f4xx_hal_uart.c:3486:13:UART_DMARxOnlyAbortCallback	8	static
../Drivers/STM32F4xx_HAL_Driver/Src/stm32f4xx_hal_uart.c:2713:13:HAL_UARTEx_RxEventCallback	0	static
../Drivers/STM32F4xx_HAL_Driver/Src/stm32f4xx_hal_uart.c:3097:13:UART_DMARxHalfCplt	8	static
../Drivers/STM32F4xx_HAL_Driver/Src/stm32f4xx_hal_uart.c:3040:13:UART_DMAReceiveCplt	8	static,ignoring_inline_asm
../Drivers/STM32F4xx_HAL_Driver/Src/stm32f4xx_hal_uart.c:3577:26:UART_Receive_IT.part.0.isra	16	static,ignoring_inline_asm
../Drivers/STM32F4xx_HAL_Driver/Src/stm32f4xx_hal_uart.c:2360:6:HAL_UART_IRQHandler	24	static,ignoring_inline_asm
../Drivers/STM32F4xx_HAL_Driver/Src/stm32f4xx_hal_uart.c:2753:19:HAL_LIN_SendBreak	0	static,ignoring_inline_asm
../Drivers/STM32F4xx_HAL_Driver/Src/stm32f4xx_hal_uart.c:2780:19:HAL_MultiProcessor_EnterMuteMode	0	static,ignoring_inline_asm
../Drivers/STM32F4xx_HAL_Driver/Src/stm32f4xx_hal_uart.c:2807:19:HAL_MultiProcessor_ExitMuteMode	0	static,ignoring_inline_asm
../Drivers/STM32F4xx_HAL_Driver/Src/stm32f4xx_hal_uart.c:2834:19:HAL_HalfDuplex_EnableTransmitter	0	static
../Drivers/STM32F4xx_HAL_Driver/Src/stm32f4xx_hal_uart.c:2869:19:HAL_HalfDuplex_EnableReceiver	0	static
../Drivers/STM32F4xx_HAL_Driver/Src/stm32f4xx_hal_uart.c:2926:23:HAL_UART_GetState	0	static
../Drivers/STM32F4xx_HAL_Driver/Src/stm32f4xx_hal_uart.c:2941:10:HAL_UART_GetError	0	static
../Drivers/STM32F4xx_HAL_Driver/Src/stm32f4xx_hal_uart.c:3213:19:UART_Start_Receive_IT	0	static
../Drivers/STM32F4xx_HAL_Driver/Src/stm32f4xx_hal_uart.c:1360:19:HAL_UART_Receive_IT	12	static
../Drivers/STM32F4xx_HAL_Driver/Src/stm32f4xx_hal_uart.c:1751:19:HAL_UARTEx_ReceiveToIdle_IT	24	static,ignoring_inline_asm
../Drivers/STM32F4xx_HAL_Driver/Src/stm32f4xx_hal_uart.c:3251:19:UART_Start_Receive_DMA	24	static,ignoring_inline_asm
../Drivers/STM32F4xx_HAL_Driver/Src/stm32f4xx_hal_uart.c:1463:19:HAL_UART_Receive_DMA	12	static
../Drivers/STM32F4xx_HAL_Driver/Src/stm32f4xx_hal_uart.c:1812:19:HAL_UARTEx_ReceiveToIdle_DMA	24	static,ignoring_inline_asm
