../Core/Src/lsm303dlhc.c:89:6:COMPASSACCELERO_IO_Init	0	static
../Core/Src/lsm303dlhc.c:95:6:COMPASSACCELERO_IO_ITConfig	0	static
../Core/Src/lsm303dlhc.c:101:6:COMPASSACCELERO_IO_Write	32	static
../Core/Src/lsm303dlhc.c:108:9:COMPASSACCELERO_IO_Read	32	static
../Core/Src/lsm303dlhc.c:118:9:COMPASSACCELERO_IO_ReadLen	24	static
../Core/Src/lsm303dlhc.c:128:6:LSM303DLHC_MagInit	8	static
../Core/Src/lsm303dlhc.c:143:6:LSM303DLHC_AccInit	8	static
../Core/Src/lsm303dlhc.c:157:6:LSM303DLHC_AccDeInit	0	static
../Core/Src/lsm303dlhc.c:166:9:LSM303DLHC_AccReadID	0	static
../Core/Src/lsm303dlhc.c:184:6:LSM303DLHC_AccRebootCmd	8	static
../Core/Src/lsm303dlhc.c:203:6:LSM303DLHC_AccFilterConfig	8	static
../Core/Src/lsm303dlhc.c:225:6:LSM303DLHC_AccFilterCmd	8	static
../Core/Src/lsm303dlhc.c:241:6:LSM303DLHC_AccReadXYZ	48	static
../Core/Src/lsm303dlhc.c:314:6:LSM303DLHC_MagReadXYZ	16	static
../Core/Src/lsm303dlhc.c:388:6:LSM303DLHC_AccFilterClickCmd	8	static
../Core/Src/lsm303dlhc.c:416:6:LSM303DLHC_AccIT1Enable	8	static
../Core/Src/lsm303dlhc.c:443:6:LSM303DLHC_AccIT1Disable	8	static
../Core/Src/lsm303dlhc.c:469:6:LSM303DLHC_AccIT2Enable	8	static
../Core/Src/lsm303dlhc.c:495:6:LSM303DLHC_AccIT2Disable	8	static
../Core/Src/lsm303dlhc.c:515:6:LSM303DLHC_AccINT1InterruptEnable	16	static
../Core/Src/lsm303dlhc.c:535:6:LSM303DLHC_AccINT1InterruptDisable	16	static
../Core/Src/lsm303dlhc.c:555:6:LSM303DLHC_AccINT2InterruptEnable	16	static
../Core/Src/lsm303dlhc.c:575:6:LSM303DLHC_AccINT2InterruptDisable	16	static
../Core/Src/lsm303dlhc.c:594:6:LSM303DLHC_AccClickITEnable	8	static
../Core/Src/lsm303dlhc.c:628:6:LSM303DLHC_AccClickITDisable	8	static
../Core/Src/lsm303dlhc.c:647:6:LSM303DLHC_AccZClickITConfig	8	static
../Core/Src/lsm303dlhc.c:667:6:LSM303DLHC_Init	0	static
